info: Microsoft.EntityFrameworkCore.Database.Command[20101]
      Executed DbCommand (1,235ms) [Parameters=[], CommandType='Text', CommandTimeout='30']
      CREATE DATABASE efesms;
info: Microsoft.EntityFrameworkCore.Database.Command[20101]
      Executed DbCommand (33ms) [Parameters=[], CommandType='Text', CommandTimeout='30']
      CREATE TABLE "Users" (
          "Id" integer GENERATED BY DEFAULT AS IDENTITY,
          "Username" character varying(100) NOT NULL,
          "Email" character varying(255) NOT NULL,
          "PasswordHash" character varying(512) NOT NULL,
          "DisplayName" character varying(255) NOT NULL,
          "Role" character varying(50) NOT NULL,
          "IsActive" boolean NOT NULL,
          "CreatedAt" timestamp with time zone NOT NULL,
          CONSTRAINT "PK_Users" PRIMARY KEY ("Id")
      );
info: Microsoft.EntityFrameworkCore.Database.Command[20101]
      Executed DbCommand (8ms) [Parameters=[], CommandType='Text', CommandTimeout='30']
      CREATE UNIQUE INDEX "IX_Users_Email" ON "Users" ("Email");
info: Microsoft.EntityFrameworkCore.Database.Command[20101]
      Executed DbCommand (4ms) [Parameters=[], CommandType='Text', CommandTimeout='30']
      CREATE UNIQUE INDEX "IX_Users_Username" ON "Users" ("Username");
info: Microsoft.EntityFrameworkCore.Database.Command[20101]
      Executed DbCommand (66ms) [Parameters=[], CommandType='Text', CommandTimeout='30']
      SELECT EXISTS (
          SELECT 1
          FROM "Users" AS u)
info: Microsoft.EntityFrameworkCore.Database.Command[20101]
      Executed DbCommand (50ms) [Parameters=[@p0='?' (DbType = DateTime), @p1='?', @p2='?', @p3='?' (DbType = Boolean), @p4='?', @p5='?', @p6='?'], CommandType='Text', CommandTimeout='30']
      INSERT INTO "Users" ("CreatedAt", "DisplayName", "Email", "IsActive", "PasswordHash", "Role", "Username")
      VALUES (@p0, @p1, @p2, @p3, @p4, @p5, @p6)
      RETURNING "Id";
info: Microsoft.Hosting.Lifetime[14]
      Now listening on: http://0.0.0.0:3001
info: Microsoft.Hosting.Lifetime[0]
      Application started. Press Ctrl+C to shut down.
info: Microsoft.Hosting.Lifetime[0]
      Hosting environment: Development
info: Microsoft.Hosting.Lifetime[0]
      Content root path: C:\Users\hp\Documents\New folder\EXTREME FIRE SERVICES APPLICATION\backend\EFESMS.Api
info: Microsoft.EntityFrameworkCore.Database.Command[20101]
      Executed DbCommand (21ms) [Parameters=[@__ToLower_0='?', @__ToLower_0_1='?'], CommandType='Text', CommandTimeout='30']
      SELECT u."Id", u."CreatedAt", u."DisplayName", u."Email", u."IsActive", u."PasswordHash", u."Role", u."Username"
      FROM "Users" AS u
      WHERE lower(u."Username") = @__ToLower_0 OR lower(u."Email") = @__ToLower_0_1
      LIMIT 1
info: Microsoft.EntityFrameworkCore.Database.Command[20101]
      Executed DbCommand (2ms) [Parameters=[@__ToLower_0='?', @__ToLower_0_1='?'], CommandType='Text', CommandTimeout='30']
      SELECT u."Id", u."CreatedAt", u."DisplayName", u."Email", u."IsActive", u."PasswordHash", u."Role", u."Username"
      FROM "Users" AS u
      WHERE lower(u."Username") = @__ToLower_0 OR lower(u."Email") = @__ToLower_0_1
      LIMIT 1
info: Microsoft.EntityFrameworkCore.Database.Command[20101]
      Executed DbCommand (1ms) [Parameters=[@__ToLower_0='?', @__ToLower_0_1='?'], CommandType='Text', CommandTimeout='30']
      SELECT u."Id", u."CreatedAt", u."DisplayName", u."Email", u."IsActive", u."PasswordHash", u."Role", u."Username"
      FROM "Users" AS u
      WHERE lower(u."Username") = @__ToLower_0 OR lower(u."Email") = @__ToLower_0_1
      LIMIT 1
info: Microsoft.EntityFrameworkCore.Database.Command[20101]
      Executed DbCommand (2ms) [Parameters=[@__username_0='?'], CommandType='Text', CommandTimeout='30']
      SELECT u."Id", u."CreatedAt", u."DisplayName", u."Email", u."IsActive", u."PasswordHash", u."Role", u."Username"
      FROM "Users" AS u
      WHERE u."Username" = @__username_0
      LIMIT 1
