
> frontend@0.0.0 dev
> vite --host --host 0.0.0.0


  [32m[1mVITE[22m v8.2.2[39m  [2mready in [0m[1m1747[22m[2m[0m ms[22m

  [32m➜[39m  [1mLocal[22m:   [36mhttp://localhost:[1m5173[22m/[39m
  [32m➜[39m  [1mNetwork[22m: [36mhttp://192.168.1.226:[1m5173[22m/[39m  [2mEthernet[22m
  [32m➜[39m  [1mNetwork[22m: [36mhttp://192.168.56.1:[1m5173[22m/[39m   [2mEthernet 2[22m
[2m[32m  ➜[39m[22m[2m  press [22m[1mh + enter[22m[2m to show help[22m
[2m11:54:16 AM[22m [36m[1m[vite][22m[39m [90m[2m(client)[22m[39m [32mpage reload [39m[2msrc/theme.ts[22m
[2m11:54:37 AM[22m [36m[1m[vite][22m[39m [90m[2m(client)[22m[39m [32mhmr update [39m[2m/src/index.css[22m
[2m11:55:05 AM[22m [36m[1m[vite][22m[39m [90m[2m(client)[22m[39m [32mhmr update [39m[2m/src/pages/DashboardPage.tsx[22m
[2m11:55:07 AM[22m [36m[1m[vite][22m[39m [90m[2m(client)[22m[39m [optimizer] bundling dependencies...
[2m11:55:09 AM[22m [36m[1m[vite][22m[39m [90m[2m(client)[22m[39m [32mdependency optimized: [33m@mui/icons-material/KeyboardArrowUp[32m[39m
[2m11:55:33 AM[22m [36m[1m[vite][22m[39m [90m[2m(client)[22m[39m [32mhmr update [39m[2m/src/layouts/AppLayout.tsx[22m
[2m11:56:10 AM[22m [36m[1m[vite][22m[39m [90m[2m(client)[22m[39m [32mhmr update [39m[2m/src/pages/LoginPage.tsx[22m
[2m11:56:45 AM[22m [36m[1m[vite][22m[39m [90m[2m(client)[22m[39m [32mhmr update [39m[2m/src/pages/LoginPage.tsx[22m
[2m12:03:54 PM[22m [36m[1m[vite][22m[39m [90m[2m(client)[22m[39m [32mhmr update [39m[2m/src/index.css[22m
[2m12:04:06 PM[22m [36m[1m[vite][22m[39m [90m[2m(client)[22m[39m [32mhmr update [39m[2m/src/pages/LoginPage.tsx[22m
[2m12:04:17 PM[22m [36m[1m[vite][22m[39m [32mvite.config.ts changed, restarting server...[39m
[2m12:04:17 PM[22m [36m[1m[vite][22m[39m server restarted.
[2m12:05:23 PM[22m [36m[1m[vite][22m[39m [90m[2m(client)[22m[39m [32mhmr update [39m[2m/src/layouts/AppLayout.tsx[22m
[2m12:05:37 PM[22m [36m[1m[vite][22m[39m [90m[2m(client)[22m[39m [32mhmr update [39m[2m/src/index.css[22m
[2m12:05:55 PM[22m [36m[1m[vite][22m[39m [90m[2m(client)[22m[39m [32mhmr update [39m[2m/src/layouts/AppLayout.tsx[22m
[2m12:10:08 PM[22m [36m[1m[vite][22m[39m [90m[2m(client)[22m[39m [32mhmr update [39m[2m/src/pages/DashboardPage.tsx[22m
[2m12:10:27 PM[22m [36m[1m[vite][22m[39m [90m[2m(client)[22m[39m [32mhmr update [39m[2m/src/index.css[22m
[2m12:21:10 PM[22m [36m[1m[vite][22m[39m [90m[2m(client)[22m[39m [32mhmr update [39m[2m/src/pages/DashboardPage.tsx[22m
[2m12:21:51 PM[22m [36m[1m[vite][22m[39m [90m[2m(client)[22m[39m [32mhmr update [39m[2m/src/index.css[22m
[2m12:24:59 PM[22m [36m[1m[vite][22m[39m [90m[2m(client)[22m[39m [32mhmr update [39m[2m/src/pages/DashboardPage.tsx[22m
[2m12:25:20 PM[22m [36m[1m[vite][22m[39m [90m[2m(client)[22m[39m [32mhmr update [39m[2m/src/index.css[22m
[2m12:29:02 PM[22m [36m[1m[vite][22m[39m [90m[2m(client)[22m[39m [32mhmr update [39m[2m/src/pages/DashboardPage.tsx[22m
[2m12:29:17 PM[22m [36m[1m[vite][22m[39m [90m[2m(client)[22m[39m [32mhmr update [39m[2m/src/index.css[22m
[2m12:29:30 PM[22m [36m[1m[vite][22m[39m [90m[2m(client)[22m[39m [32mhmr update [39m[2m/src/index.css[22m
[2m12:33:02 PM[22m [36m[1m[vite][22m[39m [90m[2m(client)[22m[39m [32mhmr update [39m[2m/src/layouts/AppLayout.tsx[22m
[2m12:33:32 PM[22m [36m[1m[vite][22m[39m [90m[2m(client)[22m[39m [32mhmr update [39m[2m/src/layouts/AppLayout.tsx[22m
[2m1:11:47 PM[22m [36m[1m[vite][22m[39m [90m[2m(client)[22m[39m [32mhmr update [39m[2m/src/App.tsx[22m
[2m1:11:48 PM[22m [36m[1m[vite][22m[39m [90m[2m(client)[22m[39m [optimizer] bundling dependencies...
[2m1:11:50 PM[22m [36m[1m[vite][22m[39m [90m[2m(client)[22m[39m [32mdependencies optimized: [33m@mui/icons-material/Add, @mui/icons-material/Delete, @mui/icons-material/Edit, @mui/icons-material/Mail, @mui/icons-material/PersonAdd, @mui/icons-material/Phone, @mui/icons-material/Search[32m[39m
[2m1:12:11 PM[22m [36m[1m[vite][22m[39m [90m[2m(client)[22m[39m [32mhmr update [39m[2m/src/App.tsx[22m
[2m1:42:15 PM[22m [36m[1m[vite][22m[39m [90m[2m(client)[22m[39m [32mhmr update [39m[2m/src/pages/CustomersPage.tsx[22m
[2m1:42:35 PM[22m [36m[1m[vite][22m[39m [90m[2m(client)[22m[39m [32mhmr update [39m[2m/src/pages/DashboardPage.tsx[22m
[2m1:47:29 PM[22m [36m[1m[vite][22m[39m [90m[2m(client)[22m[39m [32mhmr update [39m[2m/src/pages/CustomersPage.tsx[22m
[2m1:47:39 PM[22m [36m[1m[vite][22m[39m [90m[2m(client)[22m[39m [32mhmr update [39m[2m/src/pages/CustomersPage.tsx[22m
[2m1:47:40 PM[22m [36m[1m[vite][22m[39m [90m[2m(client)[22m[39m [optimizer] bundling dependencies...
[2m1:47:42 PM[22m [36m[1m[vite][22m[39m [90m[2m(client)[22m[39m [32mdependency optimized: [33m@mui/icons-material/Visibility[32m[39m
[2m1:47:53 PM[22m [36m[1m[vite][22m[39m [90m[2m(client)[22m[39m [32mhmr update [39m[2m/src/pages/CustomersPage.tsx[22m
[2m1:48:09 PM[22m [36m[1m[vite][22m[39m [90m[2m(client)[22m[39m [32mhmr update [39m[2m/src/pages/CustomersPage.tsx[22m
[2m1:48:30 PM[22m [36m[1m[vite][22m[39m [90m[2m(client)[22m[39m [32mhmr update [39m[2m/src/pages/CustomersPage.tsx[22m
[2m1:48:57 PM[22m [36m[1m[vite][22m[39m [90m[2m(client)[22m[39m [32mhmr update [39m[2m/src/pages/CustomersPage.tsx[22m
[2m1:49:11 PM[22m [36m[1m[vite][22m[39m [90m[2m(client)[22m[39m [32mhmr update [39m[2m/src/pages/CustomersPage.tsx[22m
[2m1:55:07 PM[22m [31m[1m[vite][22m[39m [31m[2m(client)[22m[39m [2m[console.error] [22mIn HTML, <div> cannot be a descendant of <p>.
This will cause a hydration error.

  ...
    <MuiPaper-root as="div" ownerState={{elevation:24, ...}} className="MuiPaper-r..." ref={null} role="dialog" ...>
      <Insertion>
      <div className="MuiPaper-r..." role="dialog" aria-describedby={undefined} aria-labelledby="_r_d_" aria-modal={true} ...>
        <DialogTitle>
        <DialogContent dividers={true}>
          <MuiDialogContent-root className="MuiDialogC..." ownerState={{dividers:true, ...}} ref={null}>
            <Insertion>
            <div className="MuiDialogC...">
              <Box sx={{display:"grid", ...}}>
                <Styled(div) as="div" ref={null} className="MuiBox-root" theme={{...}} sx={{display:"grid", ...}}>
                  <Insertion>
                  <div className="MuiBox-roo...">
                    <InfoRow label="Customer type" value={<ForwardRef(Chip)>}>
                      <Box>
                        <Styled(div) as="div" ref={null} className="MuiBox-root" theme={{...}}>
                          <Insertion>
                          <div className="MuiBox-roo...">
                            <Typography>
                            <Typography variant="body2" sx={{color:"#0f...", ...}}>
                              <MuiTypography-root as="p" ref={null} className="MuiTypogra..." sx={{color:"#0f...", ...}} ...>
                                <Insertion>
>                               <p
>                                 className="MuiTypography-root MuiTypography-body2 css-1q28zkm-MuiTypography-root"
>                                 style={{}}
>                               >
                                  <Chip label="Commercial" size="small" sx={{bgcolor:"#...", ...}}>
                                    <MuiChip-root as="div" onClick={function onClick} onKeyDown={function onKeyDown} ...>
                                      <Insertion>
>                                     <div
>                                       onClick={function onClick}
>                                       onKeyDown={function onKeyDown}
>                                       onKeyUp={function onKeyUp}
>                                       disabled={undefined}
>                                       tabIndex={undefined}
>                                       className="MuiChip-root MuiChip-filled MuiChip-sizeSmall MuiChip-colorDefault ..."
>                                       ref={function}
>                                     >
                    ...
              ...
        ...

[2m1:55:07 PM[22m [31m[1m[vite][22m[39m [31m[2m(client)[22m[39m [2m[console.error] [22m<p> cannot contain a nested <div>.
See this log for the ancestor stack trace.
[2m1:57:44 PM[22m [36m[1m[vite][22m[39m [90m[2m(client)[22m[39m [32mhmr update [39m[2m/src/pages/CustomersPage.tsx[22m
[2m1:57:46 PM[22m [36m[1m[vite][22m[39m [90m[2m(client)[22m[39m [optimizer] bundling dependencies...
[2m1:57:48 PM[22m [36m[1m[vite][22m[39m [90m[2m(client)[22m[39m [32mdependencies optimized: [33m@mui/icons-material/ContentCopy, @mui/icons-material/OpenInNew, @mui/icons-material/WhatsApp[32m[39m
[2m1:57:48 PM[22m [36m[1m[vite][22m[39m [90m[2m(client)[22m[39m [32moptimized dependencies changed. reloading[39m
[2m1:57:48 PM[22m [33m[1m[vite][22m[39m [33m[2m(client)[22m[39m [2m[console.warn] [22mYou are loading @emotion/react when it is already loaded. Running multiple instances may cause problems. This can happen if multiple versions are used, or if multiple builds of the same version are used.
[2m1:57:57 PM[22m [31m[1m[vite][22m[39m [31m[2m(client)[22m[39m [2m[console.error] [22mIn HTML, <div> cannot be a descendant of <p>.
This will cause a hydration error.

  ...
    <MuiPaper-root as="div" ownerState={{elevation:24, ...}} className="MuiPaper-r..." ref={null} role="dialog" ...>
      <Insertion>
      <div className="MuiPaper-r..." role="dialog" aria-describedby={undefined} aria-labelledby="_r_d_" aria-modal={true} ...>
        <DialogTitle>
        <DialogContent dividers={true}>
          <MuiDialogContent-root className="MuiDialogC..." ownerState={{dividers:true, ...}} ref={null}>
            <Insertion>
            <div className="MuiDialogC...">
              <Box sx={{display:"grid", ...}}>
                <Styled(div) as="div" ref={null} className="MuiBox-root" theme={{...}} sx={{display:"grid", ...}}>
                  <Insertion>
                  <div className="MuiBox-roo...">
                    <InfoRow label="Customer type" value={<ForwardRef(Chip)>}>
                      <Box>
                        <Styled(div) as="div" ref={null} className="MuiBox-root" theme={{...}}>
                          <Insertion>
                          <div className="MuiBox-roo...">
                            <Typography>
                            <Typography variant="body2" sx={{color:"#0f...", ...}}>
                              <MuiTypography-root as="p" ref={null} className="MuiTypogra..." sx={{color:"#0f...", ...}} ...>
                                <Insertion>
>                               <p
>                                 className="MuiTypography-root MuiTypography-body2 css-1q28zkm-MuiTypography-root"
>                                 style={{}}
>                               >
                                  <Chip label="Commercial" size="small" sx={{bgcolor:"#...", ...}}>
                                    <MuiChip-root as="div" onClick={function onClick} onKeyDown={function onKeyDown} ...>
                                      <Insertion>
>                                     <div
>                                       onClick={function onClick}
>                                       onKeyDown={function onKeyDown}
>                                       onKeyUp={function onKeyUp}
>                                       disabled={undefined}
>                                       tabIndex={undefined}
>                                       className="MuiChip-root MuiChip-filled MuiChip-sizeSmall MuiChip-colorDefault ..."
>                                       ref={function}
>                                     >
                    ...
              ...
        ...

[2m1:57:57 PM[22m [31m[1m[vite][22m[39m [31m[2m(client)[22m[39m [2m[console.error] [22m<p> cannot contain a nested <div>.
See this log for the ancestor stack trace.
[2m1:58:11 PM[22m [36m[1m[vite][22m[39m [90m[2m(client)[22m[39m [32mhmr update [39m[2m/src/pages/CustomersPage.tsx[22m
[2m1:58:30 PM[22m [36m[1m[vite][22m[39m [90m[2m(client)[22m[39m [32mhmr update [39m[2m/src/pages/CustomersPage.tsx[22m
[2m1:58:49 PM[22m [36m[1m[vite][22m[39m [90m[2m(client)[22m[39m [32mhmr update [39m[2m/src/pages/CustomersPage.tsx[22m
[2m1:59:12 PM[22m [36m[1m[vite][22m[39m [90m[2m(client)[22m[39m [32mhmr update [39m[2m/src/pages/CustomersPage.tsx[22m
[2m1:59:20 PM[22m [33m[1m[vite][22m[39m [33m[2m(client)[22m[39m [2m[console.warn] [22mYou are loading @emotion/react when it is already loaded. Running multiple instances may cause problems. This can happen if multiple versions are used, or if multiple builds of the same version are used.
[2m1:59:32 PM[22m [31m[1m[vite][22m[39m [31m[2m(client)[22m[39m [2m[console.error] [22mInvalid hook call. Hooks can only be called inside of the body of a function component. This could happen for one of the following reasons:
1. You might have mismatching versions of React and the renderer (such as React DOM)
2. You might be breaking the Rules of Hooks
3. You might have more than one copy of React in the same app
See https://react.dev/link/invalid-hook-call for tips about how to debug and fix this problem.
[2m1:59:32 PM[22m [31m[1m[vite][22m[39m [31m[2m(client)[22m[39m [2m[console.error] [22mInvalid hook call. Hooks can only be called inside of the body of a function component. This could happen for one of the following reasons:
1. You might have mismatching versions of React and the renderer (such as React DOM)
2. You might be breaking the Rules of Hooks
3. You might have more than one copy of React in the same app
See https://react.dev/link/invalid-hook-call for tips about how to debug and fix this problem.
[2m1:59:33 PM[22m [36m[1m[vite][22m[39m [90m[2m(client)[22m[39m [32mhmr update [39m[2m/src/pages/CustomersPage.tsx[22m
[2m1:59:37 PM[22m [31m[1m[vite][22m[39m [31m[2m(client)[22m[39m [31m[Unhandled error] [1mTypeError[22m: Cannot read properties of null (reading 'useState')
[39m > exports.useState node_modules/react/cjs/react.development.js:1263:33
 > CustomersPage src/pages/CustomersPage.tsx?t=1788955064687:103:36
 > Object.react_stack_bottom_frame node_modules/.vite/deps/react-dom_client.js?v=1709daf7:12866:12
 > renderWithHooks node_modules/.vite/deps/react-dom_client.js?v=1709daf7:4213:19
 > updateFunctionComponent node_modules/.vite/deps/react-dom_client.js?v=1709daf7:5569:16
 > beginWork node_modules/.vite/deps/react-dom_client.js?v=1709daf7:6140:20
 > runWithFiberInDEV node_modules/.vite/deps/react-dom_client.js?v=1709daf7:851:66
 > performUnitOfWork node_modules/.vite/deps/react-dom_client.js?v=1709daf7:8429:92
 > workLoopSync node_modules/.vite/deps/react-dom_client.js?v=1709daf7:8325:37
 > renderRootSync node_modules/.vite/deps/react-dom_client.js?v=1709daf7:8309:6

[2m1:59:37 PM[22m [33m[1m[vite][22m[39m [33m[2m(client)[22m[39m [2m[console.warn] [22mAn error occurred in the <CustomersPage> component.

Consider adding an error boundary to your tree to customize error handling behavior.
Visit https://react.dev/link/error-boundaries to learn more about error boundaries.

[2m1:59:53 PM[22m [36m[1m[vite][22m[39m [90m[2m(client)[22m[39m [32mhmr update [39m[2m/src/pages/CustomersPage.tsx[22m
[2m2:00:51 PM[22m [31m[1m[vite][22m[39m [31m[2m(client)[22m[39m [2m[console.error] [22mInvalid hook call. Hooks can only be called inside of the body of a function component. This could happen for one of the following reasons:
1. You might have mismatching versions of React and the renderer (such as React DOM)
2. You might be breaking the Rules of Hooks
3. You might have more than one copy of React in the same app
See https://react.dev/link/invalid-hook-call for tips about how to debug and fix this problem.
[2m2:00:51 PM[22m [31m[1m[vite][22m[39m [31m[2m(client)[22m[39m [2m[console.error] [22mInvalid hook call. Hooks can only be called inside of the body of a function component. This could happen for one of the following reasons:
1. You might have mismatching versions of React and the renderer (such as React DOM)
2. You might be breaking the Rules of Hooks
3. You might have more than one copy of React in the same app
See https://react.dev/link/invalid-hook-call for tips about how to debug and fix this problem.
[2m2:00:51 PM[22m [31m[1m[vite][22m[39m [31m[2m(client)[22m[39m [31m[Unhandled error] [1mTypeError[22m: Cannot read properties of null (reading 'useState')
[39m > exports.useState node_modules/react/cjs/react.development.js:1263:33
 > CustomersPage src/pages/CustomersPage.tsx:193:36
    191 |  
    192 |  export default function CustomersPage() {
    193 |    const [customers, setCustomers] = useState<Customer[]>([])
        |                                      ^
    194 |    const [loading, setLoading] = useState(true)
    195 |    const [error, setError] = useState('')
 > Object.react_stack_bottom_frame node_modules/.vite/deps/react-dom_client.js?v=1709daf7:12866:12
 > renderWithHooks node_modules/.vite/deps/react-dom_client.js?v=1709daf7:4213:19
 > updateFunctionComponent node_modules/.vite/deps/react-dom_client.js?v=1709daf7:5569:16
 > beginWork node_modules/.vite/deps/react-dom_client.js?v=1709daf7:6140:20
 > runWithFiberInDEV node_modules/.vite/deps/react-dom_client.js?v=1709daf7:851:66
 > performUnitOfWork node_modules/.vite/deps/react-dom_client.js?v=1709daf7:8429:92
 > workLoopSync node_modules/.vite/deps/react-dom_client.js?v=1709daf7:8325:37
 > renderRootSync node_modules/.vite/deps/react-dom_client.js?v=1709daf7:8309:6

[2m2:00:51 PM[22m [33m[1m[vite][22m[39m [33m[2m(client)[22m[39m [2m[console.warn] [22mAn error occurred in the <CustomersPage> component.

Consider adding an error boundary to your tree to customize error handling behavior.
Visit https://react.dev/link/error-boundaries to learn more about error boundaries.

[2m2:01:07 PM[22m [36m[1m[vite][22m[39m [90m[2m(client)[22m[39m [32mhmr update [39m[2m/src/pages/CustomersPage.tsx[22m
[2m2:13:02 PM[22m [36m[1m[vite][22m[39m [90m[2m(client)[22m[39m [32mhmr update [39m[2m/src/pages/CustomersPage.tsx[22m
[2m2:13:03 PM[22m [36m[1m[vite][22m[39m [90m[2m(client)[22m[39m [optimizer] bundling dependencies...
[2m2:13:05 PM[22m [36m[1m[vite][22m[39m [90m[2m(client)[22m[39m [32mdependencies optimized: [33m@mui/icons-material/Facebook, @mui/icons-material/Google, @mui/icons-material/Instagram, @mui/icons-material/LinkedIn, @mui/icons-material/Twitter[32m[39m
[2m2:13:29 PM[22m [36m[1m[vite][22m[39m [90m[2m(client)[22m[39m [32mhmr update [39m[2m/src/pages/CustomersPage.tsx[22m
[2m2:13:44 PM[22m [36m[1m[vite][22m[39m [90m[2m(client)[22m[39m [32mhmr update [39m[2m/src/pages/CustomersPage.tsx[22m
[2m2:13:55 PM[22m [36m[1m[vite][22m[39m [90m[2m(client)[22m[39m [32mhmr update [39m[2m/src/pages/CustomersPage.tsx[22m
[2m2:29:24 PM[22m [36m[1m[vite][22m[39m [90m[2m(client)[22m[39m [32mhmr update [39m[2m/src/pages/CustomersPage.tsx[22m
[2m2:54:54 PM[22m [36m[1m[vite][22m[39m [90m[2m(client)[22m[39m [32mhmr update [39m[2m/src/pages/CustomersPage.tsx[22m
[2m2:55:10 PM[22m [36m[1m[vite][22m[39m [90m[2m(client)[22m[39m [32mhmr update [39m[2m/src/pages/CustomersPage.tsx[22m
[2m2:55:20 PM[22m [36m[1m[vite][22m[39m [90m[2m(client)[22m[39m [32mhmr update [39m[2m/src/pages/CustomersPage.tsx[22m
[2m2:55:22 PM[22m [36m[1m[vite][22m[39m [90m[2m(client)[22m[39m [optimizer] bundling dependencies...
[2m2:55:24 PM[22m [36m[1m[vite][22m[39m [90m[2m(client)[22m[39m [32mdependency optimized: [33m@mui/icons-material/Public[32m[39m
[2m2:55:24 PM[22m [36m[1m[vite][22m[39m [90m[2m(client)[22m[39m [32moptimized dependencies changed. reloading[39m
[2m2:55:25 PM[22m [33m[1m[vite][22m[39m [33m[2m(client)[22m[39m [2m[console.warn] [22mYou are loading @emotion/react when it is already loaded. Running multiple instances may cause problems. This can happen if multiple versions are used, or if multiple builds of the same version are used.
[2m2:55:32 PM[22m [36m[1m[vite][22m[39m [90m[2m(client)[22m[39m [32mhmr update [39m[2m/src/pages/CustomersPage.tsx[22m
[2m2:59:25 PM[22m [31m[1m[vite][22m[39m [31m[2m(client)[22m[39m [2m[console.error] [22mInvalid hook call. Hooks can only be called inside of the body of a function component. This could happen for one of the following reasons:
1. You might have mismatching versions of React and the renderer (such as React DOM)
2. You might be breaking the Rules of Hooks
3. You might have more than one copy of React in the same app
See https://react.dev/link/invalid-hook-call for tips about how to debug and fix this problem.
[2m2:59:25 PM[22m [31m[1m[vite][22m[39m [31m[2m(client)[22m[39m [2m[console.error] [22mInvalid hook call. Hooks can only be called inside of the body of a function component. This could happen for one of the following reasons:
1. You might have mismatching versions of React and the renderer (such as React DOM)
2. You might be breaking the Rules of Hooks
3. You might have more than one copy of React in the same app
See https://react.dev/link/invalid-hook-call for tips about how to debug and fix this problem.
[2m2:59:26 PM[22m [31m[1m[vite][22m[39m [31m[2m(client)[22m[39m [31m[Unhandled error] [1mTypeError[22m: Cannot read properties of null (reading 'useState')
[39m > exports.useState node_modules/react/cjs/react.development.js:1263:33
 > CustomersPage src/pages/CustomersPage.tsx:418:36
    416 |  
    417 |  export default function CustomersPage() {
    418 |    const [customers, setCustomers] = useState<Customer[]>([])
        |                                      ^
    419 |    const [loading, setLoading] = useState(true)
    420 |    const [error, setError] = useState('')
 > Object.react_stack_bottom_frame node_modules/.vite/deps/react-dom_client.js?v=9d25937b:12866:12
 > renderWithHooks node_modules/.vite/deps/react-dom_client.js?v=9d25937b:4213:19
 > updateFunctionComponent node_modules/.vite/deps/react-dom_client.js?v=9d25937b:5569:16
 > beginWork node_modules/.vite/deps/react-dom_client.js?v=9d25937b:6140:20
 > runWithFiberInDEV node_modules/.vite/deps/react-dom_client.js?v=9d25937b:851:66
 > performUnitOfWork node_modules/.vite/deps/react-dom_client.js?v=9d25937b:8429:92
 > workLoopSync node_modules/.vite/deps/react-dom_client.js?v=9d25937b:8325:37
 > renderRootSync node_modules/.vite/deps/react-dom_client.js?v=9d25937b:8309:6

[2m2:59:26 PM[22m [33m[1m[vite][22m[39m [33m[2m(client)[22m[39m [2m[console.warn] [22mAn error occurred in the <CustomersPage> component.

Consider adding an error boundary to your tree to customize error handling behavior.
Visit https://react.dev/link/error-boundaries to learn more about error boundaries.

[2m3:01:03 PM[22m [36m[1m[vite][22m[39m [90m[2m(client)[22m[39m [32mhmr update [39m[2m/src/pages/CustomersPage.tsx[22m
[2m3:01:36 PM[22m [36m[1m[vite][22m[39m [90m[2m(client)[22m[39m [32mhmr update [39m[2m/src/pages/CustomersPage.tsx[22m
[2m3:01:36 PM[22m [36m[1m[vite][22m[39m [90m[2m(client)[22m[39m [32mhmr update [39m[2m/src/pages/CustomersPage.tsx[22m
[2m3:15:54 PM[22m [31m[1m[vite][22m[39m [31m[2m(client)[22m[39m [2m[console.error] [22mIn HTML, <div> cannot be a descendant of <p>.
This will cause a hydration error.

  ...
    <MuiPaper-root as="div" ownerState={{elevation:24, ...}} className="MuiPaper-r..." ref={null} role="dialog" ...>
      <Insertion>
      <div className="MuiPaper-r..." role="dialog" aria-describedby={undefined} aria-labelledby="_r_4j_" ...>
        <DialogTitle>
        <DialogContent dividers={true}>
          <MuiDialogContent-root className="MuiDialogC..." ownerState={{dividers:true, ...}} ref={null}>
            <Insertion>
            <div className="MuiDialogC...">
              <Box sx={{display:"grid", ...}}>
                <Styled(div) as="div" ref={null} className="MuiBox-root" theme={{...}} sx={{display:"grid", ...}}>
                  <Insertion>
                  <div className="MuiBox-roo...">
                    <InfoRow label="Customer type" value={<ForwardRef(Chip)>}>
                      <Box>
                        <Styled(div) as="div" ref={null} className="MuiBox-root" theme={{...}}>
                          <Insertion>
                          <div className="MuiBox-roo...">
                            <Typography>
                            <Typography variant="body2" sx={{color:"#0f...", ...}}>
                              <MuiTypography-root as="p" ref={null} className="MuiTypogra..." sx={{color:"#0f...", ...}} ...>
                                <Insertion>
>                               <p
>                                 className="MuiTypography-root MuiTypography-body2 css-1q28zkm-MuiTypography-root"
>                                 style={{}}
>                               >
                                  <Chip label="Commercial" size="small" sx={{bgcolor:"#...", ...}}>
                                    <MuiChip-root as="div" onClick={function onClick} onKeyDown={function onKeyDown} ...>
                                      <Insertion>
>                                     <div
>                                       onClick={function onClick}
>                                       onKeyDown={function onKeyDown}
>                                       onKeyUp={function onKeyUp}
>                                       disabled={undefined}
>                                       tabIndex={undefined}
>                                       className="MuiChip-root MuiChip-filled MuiChip-sizeSmall MuiChip-colorDefault ..."
>                                       ref={function}
>                                     >
                    ...
              ...
        ...

[2m3:15:54 PM[22m [31m[1m[vite][22m[39m [31m[2m(client)[22m[39m [2m[console.error] [22m<p> cannot contain a nested <div>.
See this log for the ancestor stack trace.
[2m3:28:55 PM[22m [36m[1m[vite][22m[39m [90m[2m(client)[22m[39m [32mhmr update [39m[2m/src/pages/CustomersPage.tsx[22m
[2m3:28:55 PM[22m [31m[1m[vite][22m[39m [31mInternal server error: Transform failed with 1 error:

[31m[PARSE_ERROR] [0mUnexpected token
    [38;5;246m╭[0m[38;5;246m─[0m[38;5;246m[[0m src/pages/CustomersPage.tsx:84:1 [38;5;246m][0m
    [38;5;246m│[0m
 [38;5;246m84 │[0m ]
 [38;5;240m   │[0m ┬  
 [38;5;240m   │[0m ╰── 
[38;5;246m────╯[0m
[39m
  Plugin: [35mvite:oxc[39m
  File: [36mC:/Users/hp/Documents/New folder/EXTREME FIRE SERVICES APPLICATION/frontend/src/pages/CustomersPage.tsx[39m
      at transformWithOxc (file:///C:/Users/hp/Documents/New%20folder/EXTREME%20FIRE%20SERVICES%20APPLICATION/frontend/node_modules/vite/dist/node/chunks/node.js:4103:19)
      at TransformPluginContext.transform (file:///C:/Users/hp/Documents/New%20folder/EXTREME%20FIRE%20SERVICES%20APPLICATION/frontend/node_modules/vite/dist/node/chunks/node.js:4174:26)
      at EnvironmentPluginContainer.transform (file:///C:/Users/hp/Documents/New%20folder/EXTREME%20FIRE%20SERVICES%20APPLICATION/frontend/node_modules/vite/dist/node/chunks/node.js:30932:51)
      at async loadAndTransform (file:///C:/Users/hp/Documents/New%20folder/EXTREME%20FIRE%20SERVICES%20APPLICATION/frontend/node_modules/vite/dist/node/chunks/node.js:20671:26)
      at async viteTransformMiddleware (file:///C:/Users/hp/Documents/New%20folder/EXTREME%20FIRE%20SERVICES%20APPLICATION/frontend/node_modules/vite/dist/node/chunks/node.js:25205:20)
[2m3:28:57 PM[22m [31m[1m[vite][22m[39m [31m[2m(client)[22m[39m [2m[console.error] [22m[vite] Failed to reload /src/pages/CustomersPage.tsx. This could be due to syntax errors or importing non-existent modules. (see errors above)
[2m3:29:36 PM[22m [36m[1m[vite][22m[39m [90m[2m(client)[22m[39m [32mhmr update [39m[2m/src/pages/CustomersPage.tsx[22m
[2m3:29:36 PM[22m [31m[1m[vite][22m[39m [31mInternal server error: Transform failed with 1 error:

[31m[PARSE_ERROR] [0mUnexpected token
    [38;5;246m╭[0m[38;5;246m─[0m[38;5;246m[[0m src/pages/CustomersPage.tsx:80:3 [38;5;246m][0m
    [38;5;246m│[0m
 [38;5;246m80 │[0m [38;5;249m [0m[38;5;249m [0mconst[38;5;249m [0m[38;5;249mS[0m[38;5;249mT[0m[38;5;249mA[0m[38;5;249mT[0m[38;5;249mU[0m[38;5;249mS[0m[38;5;249m_[0m[38;5;249mC[0m[38;5;249mO[0m[38;5;249mL[0m[38;5;249mO[0m[38;5;249mR[0m[38;5;249mS[0m[38;5;249m:[0m[38;5;249m [0m[38;5;249mR[0m[38;5;249me[0m[38;5;249mc[0m[38;5;249mo[0m[38;5;249mr[0m[38;5;249md[0m[38;5;249m<[0m[38;5;249ms[0m[38;5;249mt[0m[38;5;249mr[0m[38;5;249mi[0m[38;5;249mn[0m[38;5;249mg[0m[38;5;249m,[0m[38;5;249m [0m[38;5;249ms[0m[38;5;249mt[0m[38;5;249mr[0m[38;5;249mi[0m[38;5;249mn[0m[38;5;249mg[0m[38;5;249m>[0m[38;5;249m [0m[38;5;249m=[0m[38;5;249m [0m[38;5;249m{[0m
 [38;5;240m   │[0m   ──┬──  
 [38;5;240m   │[0m     ╰──── 
[38;5;246m────╯[0m
[39m
  Plugin: [35mvite:oxc[39m
  File: [36mC:/Users/hp/Documents/New folder/EXTREME FIRE SERVICES APPLICATION/frontend/src/pages/CustomersPage.tsx[39m
      at transformWithOxc (file:///C:/Users/hp/Documents/New%20folder/EXTREME%20FIRE%20SERVICES%20APPLICATION/frontend/node_modules/vite/dist/node/chunks/node.js:4103:19)
      at TransformPluginContext.transform (file:///C:/Users/hp/Documents/New%20folder/EXTREME%20FIRE%20SERVICES%20APPLICATION/frontend/node_modules/vite/dist/node/chunks/node.js:4174:26)
      at EnvironmentPluginContainer.transform (file:///C:/Users/hp/Documents/New%20folder/EXTREME%20FIRE%20SERVICES%20APPLICATION/frontend/node_modules/vite/dist/node/chunks/node.js:30932:51)
      at async loadAndTransform (file:///C:/Users/hp/Documents/New%20folder/EXTREME%20FIRE%20SERVICES%20APPLICATION/frontend/node_modules/vite/dist/node/chunks/node.js:20671:26)
      at async viteTransformMiddleware (file:///C:/Users/hp/Documents/New%20folder/EXTREME%20FIRE%20SERVICES%20APPLICATION/frontend/node_modules/vite/dist/node/chunks/node.js:25205:20)
[2m3:29:36 PM[22m [31m[1m[vite][22m[39m [31m[2m(client)[22m[39m [2m[console.error] [22m[vite] Failed to reload /src/pages/CustomersPage.tsx. This could be due to syntax errors or importing non-existent modules. (see errors above)
[2m3:29:48 PM[22m [36m[1m[vite][22m[39m [90m[2m(client)[22m[39m [32mhmr update [39m[2m/src/pages/CustomersPage.tsx[22m
[2m3:29:48 PM[22m [31m[1m[vite][22m[39m [31mInternal server error: Transform failed with 1 error:

[31m[PARSE_ERROR] [0mUnexpected token
    [38;5;246m╭[0m[38;5;246m─[0m[38;5;246m[[0m src/pages/CustomersPage.tsx:80:3 [38;5;246m][0m
    [38;5;246m│[0m
 [38;5;246m80 │[0m [38;5;249m [0m[38;5;249m [0mconst[38;5;249m [0m[38;5;249mS[0m[38;5;249mT[0m[38;5;249mA[0m[38;5;249mT[0m[38;5;249mU[0m[38;5;249mS[0m[38;5;249m_[0m[38;5;249mC[0m[38;5;249mO[0m[38;5;249mL[0m[38;5;249mO[0m[38;5;249mR[0m[38;5;249mS[0m[38;5;249m:[0m[38;5;249m [0m[38;5;249mR[0m[38;5;249me[0m[38;5;249mc[0m[38;5;249mo[0m[38;5;249mr[0m[38;5;249md[0m[38;5;249m<[0m[38;5;249ms[0m[38;5;249mt[0m[38;5;249mr[0m[38;5;249mi[0m[38;5;249mn[0m[38;5;249mg[0m[38;5;249m,[0m[38;5;249m [0m[38;5;249ms[0m[38;5;249mt[0m[38;5;249mr[0m[38;5;249mi[0m[38;5;249mn[0m[38;5;249mg[0m[38;5;249m>[0m[38;5;249m [0m[38;5;249m=[0m[38;5;249m [0m[38;5;249m{[0m
 [38;5;240m   │[0m   ──┬──  
 [38;5;240m   │[0m     ╰──── 
[38;5;246m────╯[0m
[39m
  Plugin: [35mvite:oxc[39m
  File: [36mC:/Users/hp/Documents/New folder/EXTREME FIRE SERVICES APPLICATION/frontend/src/pages/CustomersPage.tsx[39m
      at transformWithOxc (file:///C:/Users/hp/Documents/New%20folder/EXTREME%20FIRE%20SERVICES%20APPLICATION/frontend/node_modules/vite/dist/node/chunks/node.js:4103:19)
      at TransformPluginContext.transform (file:///C:/Users/hp/Documents/New%20folder/EXTREME%20FIRE%20SERVICES%20APPLICATION/frontend/node_modules/vite/dist/node/chunks/node.js:4174:26)
      at EnvironmentPluginContainer.transform (file:///C:/Users/hp/Documents/New%20folder/EXTREME%20FIRE%20SERVICES%20APPLICATION/frontend/node_modules/vite/dist/node/chunks/node.js:30932:51)
      at async loadAndTransform (file:///C:/Users/hp/Documents/New%20folder/EXTREME%20FIRE%20SERVICES%20APPLICATION/frontend/node_modules/vite/dist/node/chunks/node.js:20671:26)
      at async viteTransformMiddleware (file:///C:/Users/hp/Documents/New%20folder/EXTREME%20FIRE%20SERVICES%20APPLICATION/frontend/node_modules/vite/dist/node/chunks/node.js:25205:20)
[2m3:29:49 PM[22m [31m[1m[vite][22m[39m [31m[2m(client)[22m[39m [2m[console.error] [22m[vite] Failed to reload /src/pages/CustomersPage.tsx. This could be due to syntax errors or importing non-existent modules. (see errors above)
[2m3:30:36 PM[22m [36m[1m[vite][22m[39m [90m[2m(client)[22m[39m [32mhmr update [39m[2m/src/pages/CustomersPage.tsx[22m
[2m3:30:36 PM[22m [31m[1m[vite][22m[39m [31mInternal server error: Transform failed with 1 error:

[31m[PARSE_ERROR] [0mUnexpected token
    [38;5;246m╭[0m[38;5;246m─[0m[38;5;246m[[0m src/pages/CustomersPage.tsx:80:3 [38;5;246m][0m
    [38;5;246m│[0m
 [38;5;246m80 │[0m [38;5;249m [0m[38;5;249m [0mconst[38;5;249m [0m[38;5;249mS[0m[38;5;249mT[0m[38;5;249mA[0m[38;5;249mT[0m[38;5;249mU[0m[38;5;249mS[0m[38;5;249m_[0m[38;5;249mC[0m[38;5;249mO[0m[38;5;249mL[0m[38;5;249mO[0m[38;5;249mR[0m[38;5;249mS[0m[38;5;249m:[0m[38;5;249m [0m[38;5;249mR[0m[38;5;249me[0m[38;5;249mc[0m[38;5;249mo[0m[38;5;249mr[0m[38;5;249md[0m[38;5;249m<[0m[38;5;249ms[0m[38;5;249mt[0m[38;5;249mr[0m[38;5;249mi[0m[38;5;249mn[0m[38;5;249mg[0m[38;5;249m,[0m[38;5;249m [0m[38;5;249ms[0m[38;5;249mt[0m[38;5;249mr[0m[38;5;249mi[0m[38;5;249mn[0m[38;5;249mg[0m[38;5;249m>[0m[38;5;249m [0m[38;5;249m=[0m[38;5;249m [0m[38;5;249m{[0m
 [38;5;240m   │[0m   ──┬──  
 [38;5;240m   │[0m     ╰──── 
[38;5;246m────╯[0m
[39m
  Plugin: [35mvite:oxc[39m
  File: [36mC:/Users/hp/Documents/New folder/EXTREME FIRE SERVICES APPLICATION/frontend/src/pages/CustomersPage.tsx[39m
      at transformWithOxc (file:///C:/Users/hp/Documents/New%20folder/EXTREME%20FIRE%20SERVICES%20APPLICATION/frontend/node_modules/vite/dist/node/chunks/node.js:4103:19)
      at TransformPluginContext.transform (file:///C:/Users/hp/Documents/New%20folder/EXTREME%20FIRE%20SERVICES%20APPLICATION/frontend/node_modules/vite/dist/node/chunks/node.js:4174:26)
      at EnvironmentPluginContainer.transform (file:///C:/Users/hp/Documents/New%20folder/EXTREME%20FIRE%20SERVICES%20APPLICATION/frontend/node_modules/vite/dist/node/chunks/node.js:30932:51)
      at async loadAndTransform (file:///C:/Users/hp/Documents/New%20folder/EXTREME%20FIRE%20SERVICES%20APPLICATION/frontend/node_modules/vite/dist/node/chunks/node.js:20671:26)
      at async viteTransformMiddleware (file:///C:/Users/hp/Documents/New%20folder/EXTREME%20FIRE%20SERVICES%20APPLICATION/frontend/node_modules/vite/dist/node/chunks/node.js:25205:20)
[2m3:30:37 PM[22m [31m[1m[vite][22m[39m [31m[2m(client)[22m[39m [2m[console.error] [22m[vite] Failed to reload /src/pages/CustomersPage.tsx. This could be due to syntax errors or importing non-existent modules. (see errors above)
[2m3:31:29 PM[22m [36m[1m[vite][22m[39m [90m[2m(client)[22m[39m [32mhmr update [39m[2m/src/pages/CustomersPage.tsx[22m
[2m3:31:29 PM[22m [31m[1m[vite][22m[39m [31mInternal server error: Transform failed with 1 error:

[31m[PARSE_ERROR] [0mUnexpected token
    [38;5;246m╭[0m[38;5;246m─[0m[38;5;246m[[0m src/pages/CustomersPage.tsx:80:3 [38;5;246m][0m
    [38;5;246m│[0m
 [38;5;246m80 │[0m [38;5;249m [0m[38;5;249m [0mconst[38;5;249m [0m[38;5;249mS[0m[38;5;249mT[0m[38;5;249mA[0m[38;5;249mT[0m[38;5;249mU[0m[38;5;249mS[0m[38;5;249m_[0m[38;5;249mC[0m[38;5;249mO[0m[38;5;249mL[0m[38;5;249mO[0m[38;5;249mR[0m[38;5;249mS[0m[38;5;249m:[0m[38;5;249m [0m[38;5;249mR[0m[38;5;249me[0m[38;5;249mc[0m[38;5;249mo[0m[38;5;249mr[0m[38;5;249md[0m[38;5;249m<[0m[38;5;249ms[0m[38;5;249mt[0m[38;5;249mr[0m[38;5;249mi[0m[38;5;249mn[0m[38;5;249mg[0m[38;5;249m,[0m[38;5;249m [0m[38;5;249ms[0m[38;5;249mt[0m[38;5;249mr[0m[38;5;249mi[0m[38;5;249mn[0m[38;5;249mg[0m[38;5;249m>[0m[38;5;249m [0m[38;5;249m=[0m[38;5;249m [0m[38;5;249m{[0m
 [38;5;240m   │[0m   ──┬──  
 [38;5;240m   │[0m     ╰──── 
[38;5;246m────╯[0m
[39m
  Plugin: [35mvite:oxc[39m
  File: [36mC:/Users/hp/Documents/New folder/EXTREME FIRE SERVICES APPLICATION/frontend/src/pages/CustomersPage.tsx[39m
      at transformWithOxc (file:///C:/Users/hp/Documents/New%20folder/EXTREME%20FIRE%20SERVICES%20APPLICATION/frontend/node_modules/vite/dist/node/chunks/node.js:4103:19)
      at TransformPluginContext.transform (file:///C:/Users/hp/Documents/New%20folder/EXTREME%20FIRE%20SERVICES%20APPLICATION/frontend/node_modules/vite/dist/node/chunks/node.js:4174:26)
      at EnvironmentPluginContainer.transform (file:///C:/Users/hp/Documents/New%20folder/EXTREME%20FIRE%20SERVICES%20APPLICATION/frontend/node_modules/vite/dist/node/chunks/node.js:30932:51)
      at async loadAndTransform (file:///C:/Users/hp/Documents/New%20folder/EXTREME%20FIRE%20SERVICES%20APPLICATION/frontend/node_modules/vite/dist/node/chunks/node.js:20671:26)
      at async viteTransformMiddleware (file:///C:/Users/hp/Documents/New%20folder/EXTREME%20FIRE%20SERVICES%20APPLICATION/frontend/node_modules/vite/dist/node/chunks/node.js:25205:20)
[2m3:31:29 PM[22m [31m[1m[vite][22m[39m [31m[2m(client)[22m[39m [2m[console.error] [22m[vite] Failed to reload /src/pages/CustomersPage.tsx. This could be due to syntax errors or importing non-existent modules. (see errors above)
[2m3:31:30 PM[22m [31m[1m[vite][22m[39m [31m[2m(client)[22m[39m Pre-transform error: Transform failed with 1 error:

[31m[PARSE_ERROR] [0mUnexpected token
    [38;5;246m╭[0m[38;5;246m─[0m[38;5;246m[[0m src/pages/CustomersPage.tsx:80:3 [38;5;246m][0m
    [38;5;246m│[0m
 [38;5;246m80 │[0m [38;5;249m [0m[38;5;249m [0mconst[38;5;249m [0m[38;5;249mS[0m[38;5;249mT[0m[38;5;249mA[0m[38;5;249mT[0m[38;5;249mU[0m[38;5;249mS[0m[38;5;249m_[0m[38;5;249mC[0m[38;5;249mO[0m[38;5;249mL[0m[38;5;249mO[0m[38;5;249mR[0m[38;5;249mS[0m[38;5;249m:[0m[38;5;249m [0m[38;5;249mR[0m[38;5;249me[0m[38;5;249mc[0m[38;5;249mo[0m[38;5;249mr[0m[38;5;249md[0m[38;5;249m<[0m[38;5;249ms[0m[38;5;249mt[0m[38;5;249mr[0m[38;5;249mi[0m[38;5;249mn[0m[38;5;249mg[0m[38;5;249m,[0m[38;5;249m [0m[38;5;249ms[0m[38;5;249mt[0m[38;5;249mr[0m[38;5;249mi[0m[38;5;249mn[0m[38;5;249mg[0m[38;5;249m>[0m[38;5;249m [0m[38;5;249m=[0m[38;5;249m [0m[38;5;249m{[0m
 [38;5;240m   │[0m   ──┬──  
 [38;5;240m   │[0m     ╰──── 
[38;5;246m────╯[0m

  Plugin: [35mvite:oxc[39m
  File: [36mC:/Users/hp/Documents/New folder/EXTREME FIRE SERVICES APPLICATION/frontend/src/pages/CustomersPage.tsx[39m
[2m3:31:30 PM[22m [31m[1m[vite][22m[39m [31mInternal server error: Transform failed with 1 error:

[31m[PARSE_ERROR] [0mUnexpected token
    [38;5;246m╭[0m[38;5;246m─[0m[38;5;246m[[0m src/pages/CustomersPage.tsx:80:3 [38;5;246m][0m
    [38;5;246m│[0m
 [38;5;246m80 │[0m [38;5;249m [0m[38;5;249m [0mconst[38;5;249m [0m[38;5;249mS[0m[38;5;249mT[0m[38;5;249mA[0m[38;5;249mT[0m[38;5;249mU[0m[38;5;249mS[0m[38;5;249m_[0m[38;5;249mC[0m[38;5;249mO[0m[38;5;249mL[0m[38;5;249mO[0m[38;5;249mR[0m[38;5;249mS[0m[38;5;249m:[0m[38;5;249m [0m[38;5;249mR[0m[38;5;249me[0m[38;5;249mc[0m[38;5;249mo[0m[38;5;249mr[0m[38;5;249md[0m[38;5;249m<[0m[38;5;249ms[0m[38;5;249mt[0m[38;5;249mr[0m[38;5;249mi[0m[38;5;249mn[0m[38;5;249mg[0m[38;5;249m,[0m[38;5;249m [0m[38;5;249ms[0m[38;5;249mt[0m[38;5;249mr[0m[38;5;249mi[0m[38;5;249mn[0m[38;5;249mg[0m[38;5;249m>[0m[38;5;249m [0m[38;5;249m=[0m[38;5;249m [0m[38;5;249m{[0m
 [38;5;240m   │[0m   ──┬──  
 [38;5;240m   │[0m     ╰──── 
[38;5;246m────╯[0m
[39m
  Plugin: [35mvite:oxc[39m
  File: [36mC:/Users/hp/Documents/New folder/EXTREME FIRE SERVICES APPLICATION/frontend/src/pages/CustomersPage.tsx[39m
      at transformWithOxc (file:///C:/Users/hp/Documents/New%20folder/EXTREME%20FIRE%20SERVICES%20APPLICATION/frontend/node_modules/vite/dist/node/chunks/node.js:4103:19)
      at TransformPluginContext.transform (file:///C:/Users/hp/Documents/New%20folder/EXTREME%20FIRE%20SERVICES%20APPLICATION/frontend/node_modules/vite/dist/node/chunks/node.js:4174:26)
      at EnvironmentPluginContainer.transform (file:///C:/Users/hp/Documents/New%20folder/EXTREME%20FIRE%20SERVICES%20APPLICATION/frontend/node_modules/vite/dist/node/chunks/node.js:30932:51)
      at async loadAndTransform (file:///C:/Users/hp/Documents/New%20folder/EXTREME%20FIRE%20SERVICES%20APPLICATION/frontend/node_modules/vite/dist/node/chunks/node.js:20671:26)
      at async viteTransformMiddleware (file:///C:/Users/hp/Documents/New%20folder/EXTREME%20FIRE%20SERVICES%20APPLICATION/frontend/node_modules/vite/dist/node/chunks/node.js:25205:20)
[2m3:31:38 PM[22m [31m[1m[vite][22m[39m [31mInternal server error: Transform failed with 1 error:

[31m[PARSE_ERROR] [0mUnexpected token
    [38;5;246m╭[0m[38;5;246m─[0m[38;5;246m[[0m src/pages/CustomersPage.tsx:80:3 [38;5;246m][0m
    [38;5;246m│[0m
 [38;5;246m80 │[0m [38;5;249m [0m[38;5;249m [0mconst[38;5;249m [0m[38;5;249mS[0m[38;5;249mT[0m[38;5;249mA[0m[38;5;249mT[0m[38;5;249mU[0m[38;5;249mS[0m[38;5;249m_[0m[38;5;249mC[0m[38;5;249mO[0m[38;5;249mL[0m[38;5;249mO[0m[38;5;249mR[0m[38;5;249mS[0m[38;5;249m:[0m[38;5;249m [0m[38;5;249mR[0m[38;5;249me[0m[38;5;249mc[0m[38;5;249mo[0m[38;5;249mr[0m[38;5;249md[0m[38;5;249m<[0m[38;5;249ms[0m[38;5;249mt[0m[38;5;249mr[0m[38;5;249mi[0m[38;5;249mn[0m[38;5;249mg[0m[38;5;249m,[0m[38;5;249m [0m[38;5;249ms[0m[38;5;249mt[0m[38;5;249mr[0m[38;5;249mi[0m[38;5;249mn[0m[38;5;249mg[0m[38;5;249m>[0m[38;5;249m [0m[38;5;249m=[0m[38;5;249m [0m[38;5;249m{[0m
 [38;5;240m   │[0m   ──┬──  
 [38;5;240m   │[0m     ╰──── 
[38;5;246m────╯[0m
[39m
  Plugin: [35mvite:oxc[39m
  File: [36mC:/Users/hp/Documents/New folder/EXTREME FIRE SERVICES APPLICATION/frontend/src/pages/CustomersPage.tsx[39m
      at transformWithOxc (file:///C:/Users/hp/Documents/New%20folder/EXTREME%20FIRE%20SERVICES%20APPLICATION/frontend/node_modules/vite/dist/node/chunks/node.js:4103:19)
      at TransformPluginContext.transform (file:///C:/Users/hp/Documents/New%20folder/EXTREME%20FIRE%20SERVICES%20APPLICATION/frontend/node_modules/vite/dist/node/chunks/node.js:4174:26)
      at EnvironmentPluginContainer.transform (file:///C:/Users/hp/Documents/New%20folder/EXTREME%20FIRE%20SERVICES%20APPLICATION/frontend/node_modules/vite/dist/node/chunks/node.js:30932:51)
      at async loadAndTransform (file:///C:/Users/hp/Documents/New%20folder/EXTREME%20FIRE%20SERVICES%20APPLICATION/frontend/node_modules/vite/dist/node/chunks/node.js:20671:26)
      at async viteTransformMiddleware (file:///C:/Users/hp/Documents/New%20folder/EXTREME%20FIRE%20SERVICES%20APPLICATION/frontend/node_modules/vite/dist/node/chunks/node.js:25205:20)
[2m3:31:42 PM[22m [36m[1m[vite][22m[39m [90m[2m(client)[22m[39m [32mhmr update [39m[2m/src/pages/CustomersPage.tsx[22m
[2m3:31:42 PM[22m [31m[1m[vite][22m[39m [31mInternal server error: Transform failed with 1 error:

[31m[PARSE_ERROR] [0mUnexpected token
    [38;5;246m╭[0m[38;5;246m─[0m[38;5;246m[[0m src/pages/CustomersPage.tsx:80:3 [38;5;246m][0m
    [38;5;246m│[0m
 [38;5;246m80 │[0m [38;5;249m [0m[38;5;249m [0mconst[38;5;249m [0m[38;5;249mS[0m[38;5;249mT[0m[38;5;249mA[0m[38;5;249mT[0m[38;5;249mU[0m[38;5;249mS[0m[38;5;249m_[0m[38;5;249mC[0m[38;5;249mO[0m[38;5;249mL[0m[38;5;249mO[0m[38;5;249mR[0m[38;5;249mS[0m[38;5;249m:[0m[38;5;249m [0m[38;5;249mR[0m[38;5;249me[0m[38;5;249mc[0m[38;5;249mo[0m[38;5;249mr[0m[38;5;249md[0m[38;5;249m<[0m[38;5;249ms[0m[38;5;249mt[0m[38;5;249mr[0m[38;5;249mi[0m[38;5;249mn[0m[38;5;249mg[0m[38;5;249m,[0m[38;5;249m [0m[38;5;249ms[0m[38;5;249mt[0m[38;5;249mr[0m[38;5;249mi[0m[38;5;249mn[0m[38;5;249mg[0m[38;5;249m>[0m[38;5;249m [0m[38;5;249m=[0m[38;5;249m [0m[38;5;249m{[0m
 [38;5;240m   │[0m   ──┬──  
 [38;5;240m   │[0m     ╰──── 
[38;5;246m────╯[0m
[39m
  Plugin: [35mvite:oxc[39m
  File: [36mC:/Users/hp/Documents/New folder/EXTREME FIRE SERVICES APPLICATION/frontend/src/pages/CustomersPage.tsx[39m
      at transformWithOxc (file:///C:/Users/hp/Documents/New%20folder/EXTREME%20FIRE%20SERVICES%20APPLICATION/frontend/node_modules/vite/dist/node/chunks/node.js:4103:19)
      at TransformPluginContext.transform (file:///C:/Users/hp/Documents/New%20folder/EXTREME%20FIRE%20SERVICES%20APPLICATION/frontend/node_modules/vite/dist/node/chunks/node.js:4174:26)
      at EnvironmentPluginContainer.transform (file:///C:/Users/hp/Documents/New%20folder/EXTREME%20FIRE%20SERVICES%20APPLICATION/frontend/node_modules/vite/dist/node/chunks/node.js:30932:51)
      at async loadAndTransform (file:///C:/Users/hp/Documents/New%20folder/EXTREME%20FIRE%20SERVICES%20APPLICATION/frontend/node_modules/vite/dist/node/chunks/node.js:20671:26)
      at async viteTransformMiddleware (file:///C:/Users/hp/Documents/New%20folder/EXTREME%20FIRE%20SERVICES%20APPLICATION/frontend/node_modules/vite/dist/node/chunks/node.js:25205:20)
[2m3:31:42 PM[22m [31m[1m[vite][22m[39m [31m[2m(client)[22m[39m Pre-transform error: Transform failed with 1 error:

[31m[PARSE_ERROR] [0mUnexpected token
    [38;5;246m╭[0m[38;5;246m─[0m[38;5;246m[[0m src/pages/CustomersPage.tsx:80:3 [38;5;246m][0m
    [38;5;246m│[0m
 [38;5;246m80 │[0m [38;5;249m [0m[38;5;249m [0mconst[38;5;249m [0m[38;5;249mS[0m[38;5;249mT[0m[38;5;249mA[0m[38;5;249mT[0m[38;5;249mU[0m[38;5;249mS[0m[38;5;249m_[0m[38;5;249mC[0m[38;5;249mO[0m[38;5;249mL[0m[38;5;249mO[0m[38;5;249mR[0m[38;5;249mS[0m[38;5;249m:[0m[38;5;249m [0m[38;5;249mR[0m[38;5;249me[0m[38;5;249mc[0m[38;5;249mo[0m[38;5;249mr[0m[38;5;249md[0m[38;5;249m<[0m[38;5;249ms[0m[38;5;249mt[0m[38;5;249mr[0m[38;5;249mi[0m[38;5;249mn[0m[38;5;249mg[0m[38;5;249m,[0m[38;5;249m [0m[38;5;249ms[0m[38;5;249mt[0m[38;5;249mr[0m[38;5;249mi[0m[38;5;249mn[0m[38;5;249mg[0m[38;5;249m>[0m[38;5;249m [0m[38;5;249m=[0m[38;5;249m [0m[38;5;249m{[0m
 [38;5;240m   │[0m   ──┬──  
 [38;5;240m   │[0m     ╰──── 
[38;5;246m────╯[0m

  Plugin: [35mvite:oxc[39m
  File: [36mC:/Users/hp/Documents/New folder/EXTREME FIRE SERVICES APPLICATION/frontend/src/pages/CustomersPage.tsx[39m
[2m3:31:42 PM[22m [31m[1m[vite][22m[39m [31mInternal server error: Transform failed with 1 error:

[31m[PARSE_ERROR] [0mUnexpected token
    [38;5;246m╭[0m[38;5;246m─[0m[38;5;246m[[0m src/pages/CustomersPage.tsx:80:3 [38;5;246m][0m
    [38;5;246m│[0m
 [38;5;246m80 │[0m [38;5;249m [0m[38;5;249m [0mconst[38;5;249m [0m[38;5;249mS[0m[38;5;249mT[0m[38;5;249mA[0m[38;5;249mT[0m[38;5;249mU[0m[38;5;249mS[0m[38;5;249m_[0m[38;5;249mC[0m[38;5;249mO[0m[38;5;249mL[0m[38;5;249mO[0m[38;5;249mR[0m[38;5;249mS[0m[38;5;249m:[0m[38;5;249m [0m[38;5;249mR[0m[38;5;249me[0m[38;5;249mc[0m[38;5;249mo[0m[38;5;249mr[0m[38;5;249md[0m[38;5;249m<[0m[38;5;249ms[0m[38;5;249mt[0m[38;5;249mr[0m[38;5;249mi[0m[38;5;249mn[0m[38;5;249mg[0m[38;5;249m,[0m[38;5;249m [0m[38;5;249ms[0m[38;5;249mt[0m[38;5;249mr[0m[38;5;249mi[0m[38;5;249mn[0m[38;5;249mg[0m[38;5;249m>[0m[38;5;249m [0m[38;5;249m=[0m[38;5;249m [0m[38;5;249m{[0m
 [38;5;240m   │[0m   ──┬──  
 [38;5;240m   │[0m     ╰──── 
[38;5;246m────╯[0m
[39m
  Plugin: [35mvite:oxc[39m
  File: [36mC:/Users/hp/Documents/New folder/EXTREME FIRE SERVICES APPLICATION/frontend/src/pages/CustomersPage.tsx[39m
      at transformWithOxc (file:///C:/Users/hp/Documents/New%20folder/EXTREME%20FIRE%20SERVICES%20APPLICATION/frontend/node_modules/vite/dist/node/chunks/node.js:4103:19)
      at TransformPluginContext.transform (file:///C:/Users/hp/Documents/New%20folder/EXTREME%20FIRE%20SERVICES%20APPLICATION/frontend/node_modules/vite/dist/node/chunks/node.js:4174:26)
      at EnvironmentPluginContainer.transform (file:///C:/Users/hp/Documents/New%20folder/EXTREME%20FIRE%20SERVICES%20APPLICATION/frontend/node_modules/vite/dist/node/chunks/node.js:30932:51)
      at async loadAndTransform (file:///C:/Users/hp/Documents/New%20folder/EXTREME%20FIRE%20SERVICES%20APPLICATION/frontend/node_modules/vite/dist/node/chunks/node.js:20671:26)
      at async viteTransformMiddleware (file:///C:/Users/hp/Documents/New%20folder/EXTREME%20FIRE%20SERVICES%20APPLICATION/frontend/node_modules/vite/dist/node/chunks/node.js:25205:20)
[2m3:31:42 PM[22m [31m[1m[vite][22m[39m [31m[2m(client)[22m[39m [2m[console.error] [22m[vite] Failed to reload /src/pages/CustomersPage.tsx. This could be due to syntax errors or importing non-existent modules. (see errors above)
[2m3:31:54 PM[22m [36m[1m[vite][22m[39m [90m[2m(client)[22m[39m [32mhmr update [39m[2m/src/pages/CustomersPage.tsx[22m
[2m3:31:54 PM[22m [31m[1m[vite][22m[39m [31mInternal server error: Transform failed with 1 error:

[31m[PARSE_ERROR] [0mUnexpected token
    [38;5;246m╭[0m[38;5;246m─[0m[38;5;246m[[0m src/pages/CustomersPage.tsx:80:3 [38;5;246m][0m
    [38;5;246m│[0m
 [38;5;246m80 │[0m [38;5;249m [0m[38;5;249m [0mconst[38;5;249m [0m[38;5;249mS[0m[38;5;249mT[0m[38;5;249mA[0m[38;5;249mT[0m[38;5;249mU[0m[38;5;249mS[0m[38;5;249m_[0m[38;5;249mC[0m[38;5;249mO[0m[38;5;249mL[0m[38;5;249mO[0m[38;5;249mR[0m[38;5;249mS[0m[38;5;249m:[0m[38;5;249m [0m[38;5;249mR[0m[38;5;249me[0m[38;5;249mc[0m[38;5;249mo[0m[38;5;249mr[0m[38;5;249md[0m[38;5;249m<[0m[38;5;249ms[0m[38;5;249mt[0m[38;5;249mr[0m[38;5;249mi[0m[38;5;249mn[0m[38;5;249mg[0m[38;5;249m,[0m[38;5;249m [0m[38;5;249ms[0m[38;5;249mt[0m[38;5;249mr[0m[38;5;249mi[0m[38;5;249mn[0m[38;5;249mg[0m[38;5;249m>[0m[38;5;249m [0m[38;5;249m=[0m[38;5;249m [0m[38;5;249m{[0m
 [38;5;240m   │[0m   ──┬──  
 [38;5;240m   │[0m     ╰──── 
[38;5;246m────╯[0m
[39m
  Plugin: [35mvite:oxc[39m
  File: [36mC:/Users/hp/Documents/New folder/EXTREME FIRE SERVICES APPLICATION/frontend/src/pages/CustomersPage.tsx[39m
      at transformWithOxc (file:///C:/Users/hp/Documents/New%20folder/EXTREME%20FIRE%20SERVICES%20APPLICATION/frontend/node_modules/vite/dist/node/chunks/node.js:4103:19)
      at TransformPluginContext.transform (file:///C:/Users/hp/Documents/New%20folder/EXTREME%20FIRE%20SERVICES%20APPLICATION/frontend/node_modules/vite/dist/node/chunks/node.js:4174:26)
      at EnvironmentPluginContainer.transform (file:///C:/Users/hp/Documents/New%20folder/EXTREME%20FIRE%20SERVICES%20APPLICATION/frontend/node_modules/vite/dist/node/chunks/node.js:30932:51)
      at async loadAndTransform (file:///C:/Users/hp/Documents/New%20folder/EXTREME%20FIRE%20SERVICES%20APPLICATION/frontend/node_modules/vite/dist/node/chunks/node.js:20671:26)
      at async viteTransformMiddleware (file:///C:/Users/hp/Documents/New%20folder/EXTREME%20FIRE%20SERVICES%20APPLICATION/frontend/node_modules/vite/dist/node/chunks/node.js:25205:20)
[2m3:31:54 PM[22m [31m[1m[vite][22m[39m [31m[2m(client)[22m[39m Pre-transform error: Transform failed with 1 error:

[31m[PARSE_ERROR] [0mUnexpected token
    [38;5;246m╭[0m[38;5;246m─[0m[38;5;246m[[0m src/pages/CustomersPage.tsx:80:3 [38;5;246m][0m
    [38;5;246m│[0m
 [38;5;246m80 │[0m [38;5;249m [0m[38;5;249m [0mconst[38;5;249m [0m[38;5;249mS[0m[38;5;249mT[0m[38;5;249mA[0m[38;5;249mT[0m[38;5;249mU[0m[38;5;249mS[0m[38;5;249m_[0m[38;5;249mC[0m[38;5;249mO[0m[38;5;249mL[0m[38;5;249mO[0m[38;5;249mR[0m[38;5;249mS[0m[38;5;249m:[0m[38;5;249m [0m[38;5;249mR[0m[38;5;249me[0m[38;5;249mc[0m[38;5;249mo[0m[38;5;249mr[0m[38;5;249md[0m[38;5;249m<[0m[38;5;249ms[0m[38;5;249mt[0m[38;5;249mr[0m[38;5;249mi[0m[38;5;249mn[0m[38;5;249mg[0m[38;5;249m,[0m[38;5;249m [0m[38;5;249ms[0m[38;5;249mt[0m[38;5;249mr[0m[38;5;249mi[0m[38;5;249mn[0m[38;5;249mg[0m[38;5;249m>[0m[38;5;249m [0m[38;5;249m=[0m[38;5;249m [0m[38;5;249m{[0m
 [38;5;240m   │[0m   ──┬──  
 [38;5;240m   │[0m     ╰──── 
[38;5;246m────╯[0m

  Plugin: [35mvite:oxc[39m
  File: [36mC:/Users/hp/Documents/New folder/EXTREME FIRE SERVICES APPLICATION/frontend/src/pages/CustomersPage.tsx[39m
[2m3:31:54 PM[22m [31m[1m[vite][22m[39m [31mInternal server error: Transform failed with 1 error:

[31m[PARSE_ERROR] [0mUnexpected token
    [38;5;246m╭[0m[38;5;246m─[0m[38;5;246m[[0m src/pages/CustomersPage.tsx:80:3 [38;5;246m][0m
    [38;5;246m│[0m
 [38;5;246m80 │[0m [38;5;249m [0m[38;5;249m [0mconst[38;5;249m [0m[38;5;249mS[0m[38;5;249mT[0m[38;5;249mA[0m[38;5;249mT[0m[38;5;249mU[0m[38;5;249mS[0m[38;5;249m_[0m[38;5;249mC[0m[38;5;249mO[0m[38;5;249mL[0m[38;5;249mO[0m[38;5;249mR[0m[38;5;249mS[0m[38;5;249m:[0m[38;5;249m [0m[38;5;249mR[0m[38;5;249me[0m[38;5;249mc[0m[38;5;249mo[0m[38;5;249mr[0m[38;5;249md[0m[38;5;249m<[0m[38;5;249ms[0m[38;5;249mt[0m[38;5;249mr[0m[38;5;249mi[0m[38;5;249mn[0m[38;5;249mg[0m[38;5;249m,[0m[38;5;249m [0m[38;5;249ms[0m[38;5;249mt[0m[38;5;249mr[0m[38;5;249mi[0m[38;5;249mn[0m[38;5;249mg[0m[38;5;249m>[0m[38;5;249m [0m[38;5;249m=[0m[38;5;249m [0m[38;5;249m{[0m
 [38;5;240m   │[0m   ──┬──  
 [38;5;240m   │[0m     ╰──── 
[38;5;246m────╯[0m
[39m
  Plugin: [35mvite:oxc[39m
  File: [36mC:/Users/hp/Documents/New folder/EXTREME FIRE SERVICES APPLICATION/frontend/src/pages/CustomersPage.tsx[39m
      at transformWithOxc (file:///C:/Users/hp/Documents/New%20folder/EXTREME%20FIRE%20SERVICES%20APPLICATION/frontend/node_modules/vite/dist/node/chunks/node.js:4103:19)
      at TransformPluginContext.transform (file:///C:/Users/hp/Documents/New%20folder/EXTREME%20FIRE%20SERVICES%20APPLICATION/frontend/node_modules/vite/dist/node/chunks/node.js:4174:26)
      at EnvironmentPluginContainer.transform (file:///C:/Users/hp/Documents/New%20folder/EXTREME%20FIRE%20SERVICES%20APPLICATION/frontend/node_modules/vite/dist/node/chunks/node.js:30932:51)
      at async loadAndTransform (file:///C:/Users/hp/Documents/New%20folder/EXTREME%20FIRE%20SERVICES%20APPLICATION/frontend/node_modules/vite/dist/node/chunks/node.js:20671:26)
      at async viteTransformMiddleware (file:///C:/Users/hp/Documents/New%20folder/EXTREME%20FIRE%20SERVICES%20APPLICATION/frontend/node_modules/vite/dist/node/chunks/node.js:25205:20)
[2m3:31:55 PM[22m [31m[1m[vite][22m[39m [31m[2m(client)[22m[39m [2m[console.error] [22m[vite] Failed to reload /src/pages/CustomersPage.tsx. This could be due to syntax errors or importing non-existent modules. (see errors above)
[2m3:32:08 PM[22m [36m[1m[vite][22m[39m [90m[2m(client)[22m[39m [32mhmr update [39m[2m/src/pages/CustomersPage.tsx[22m
[2m3:32:08 PM[22m [31m[1m[vite][22m[39m [31mInternal server error: Transform failed with 1 error:

[31m[PARSE_ERROR] [0mUnexpected token
    [38;5;246m╭[0m[38;5;246m─[0m[38;5;246m[[0m src/pages/CustomersPage.tsx:82:3 [38;5;246m][0m
    [38;5;246m│[0m
 [38;5;246m82 │[0m [38;5;249m [0m[38;5;249m [0mconst[38;5;249m [0m[38;5;249mS[0m[38;5;249mT[0m[38;5;249mA[0m[38;5;249mT[0m[38;5;249mU[0m[38;5;249mS[0m[38;5;249m_[0m[38;5;249mC[0m[38;5;249mO[0m[38;5;249mL[0m[38;5;249mO[0m[38;5;249mR[0m[38;5;249mS[0m[38;5;249m:[0m[38;5;249m [0m[38;5;249mR[0m[38;5;249me[0m[38;5;249mc[0m[38;5;249mo[0m[38;5;249mr[0m[38;5;249md[0m[38;5;249m<[0m[38;5;249ms[0m[38;5;249mt[0m[38;5;249mr[0m[38;5;249mi[0m[38;5;249mn[0m[38;5;249mg[0m[38;5;249m,[0m[38;5;249m [0m[38;5;249ms[0m[38;5;249mt[0m[38;5;249mr[0m[38;5;249mi[0m[38;5;249mn[0m[38;5;249mg[0m[38;5;249m>[0m[38;5;249m [0m[38;5;249m=[0m[38;5;249m [0m[38;5;249m{[0m
 [38;5;240m   │[0m   ──┬──  
 [38;5;240m   │[0m     ╰──── 
[38;5;246m────╯[0m
[39m
  Plugin: [35mvite:oxc[39m
  File: [36mC:/Users/hp/Documents/New folder/EXTREME FIRE SERVICES APPLICATION/frontend/src/pages/CustomersPage.tsx[39m
      at transformWithOxc (file:///C:/Users/hp/Documents/New%20folder/EXTREME%20FIRE%20SERVICES%20APPLICATION/frontend/node_modules/vite/dist/node/chunks/node.js:4103:19)
      at TransformPluginContext.transform (file:///C:/Users/hp/Documents/New%20folder/EXTREME%20FIRE%20SERVICES%20APPLICATION/frontend/node_modules/vite/dist/node/chunks/node.js:4174:26)
      at EnvironmentPluginContainer.transform (file:///C:/Users/hp/Documents/New%20folder/EXTREME%20FIRE%20SERVICES%20APPLICATION/frontend/node_modules/vite/dist/node/chunks/node.js:30932:51)
      at async loadAndTransform (file:///C:/Users/hp/Documents/New%20folder/EXTREME%20FIRE%20SERVICES%20APPLICATION/frontend/node_modules/vite/dist/node/chunks/node.js:20671:26)
      at async viteTransformMiddleware (file:///C:/Users/hp/Documents/New%20folder/EXTREME%20FIRE%20SERVICES%20APPLICATION/frontend/node_modules/vite/dist/node/chunks/node.js:25205:20)
[2m3:32:08 PM[22m [31m[1m[vite][22m[39m [31m[2m(client)[22m[39m Pre-transform error: Transform failed with 1 error:

[31m[PARSE_ERROR] [0mUnexpected token
    [38;5;246m╭[0m[38;5;246m─[0m[38;5;246m[[0m src/pages/CustomersPage.tsx:82:3 [38;5;246m][0m
    [38;5;246m│[0m
 [38;5;246m82 │[0m [38;5;249m [0m[38;5;249m [0mconst[38;5;249m [0m[38;5;249mS[0m[38;5;249mT[0m[38;5;249mA[0m[38;5;249mT[0m[38;5;249mU[0m[38;5;249mS[0m[38;5;249m_[0m[38;5;249mC[0m[38;5;249mO[0m[38;5;249mL[0m[38;5;249mO[0m[38;5;249mR[0m[38;5;249mS[0m[38;5;249m:[0m[38;5;249m [0m[38;5;249mR[0m[38;5;249me[0m[38;5;249mc[0m[38;5;249mo[0m[38;5;249mr[0m[38;5;249md[0m[38;5;249m<[0m[38;5;249ms[0m[38;5;249mt[0m[38;5;249mr[0m[38;5;249mi[0m[38;5;249mn[0m[38;5;249mg[0m[38;5;249m,[0m[38;5;249m [0m[38;5;249ms[0m[38;5;249mt[0m[38;5;249mr[0m[38;5;249mi[0m[38;5;249mn[0m[38;5;249mg[0m[38;5;249m>[0m[38;5;249m [0m[38;5;249m=[0m[38;5;249m [0m[38;5;249m{[0m
 [38;5;240m   │[0m   ──┬──  
 [38;5;240m   │[0m     ╰──── 
[38;5;246m────╯[0m

  Plugin: [35mvite:oxc[39m
  File: [36mC:/Users/hp/Documents/New folder/EXTREME FIRE SERVICES APPLICATION/frontend/src/pages/CustomersPage.tsx[39m
[2m3:32:08 PM[22m [31m[1m[vite][22m[39m [31mInternal server error: Transform failed with 1 error:

[31m[PARSE_ERROR] [0mUnexpected token
    [38;5;246m╭[0m[38;5;246m─[0m[38;5;246m[[0m src/pages/CustomersPage.tsx:82:3 [38;5;246m][0m
    [38;5;246m│[0m
 [38;5;246m82 │[0m [38;5;249m [0m[38;5;249m [0mconst[38;5;249m [0m[38;5;249mS[0m[38;5;249mT[0m[38;5;249mA[0m[38;5;249mT[0m[38;5;249mU[0m[38;5;249mS[0m[38;5;249m_[0m[38;5;249mC[0m[38;5;249mO[0m[38;5;249mL[0m[38;5;249mO[0m[38;5;249mR[0m[38;5;249mS[0m[38;5;249m:[0m[38;5;249m [0m[38;5;249mR[0m[38;5;249me[0m[38;5;249mc[0m[38;5;249mo[0m[38;5;249mr[0m[38;5;249md[0m[38;5;249m<[0m[38;5;249ms[0m[38;5;249mt[0m[38;5;249mr[0m[38;5;249mi[0m[38;5;249mn[0m[38;5;249mg[0m[38;5;249m,[0m[38;5;249m [0m[38;5;249ms[0m[38;5;249mt[0m[38;5;249mr[0m[38;5;249mi[0m[38;5;249mn[0m[38;5;249mg[0m[38;5;249m>[0m[38;5;249m [0m[38;5;249m=[0m[38;5;249m [0m[38;5;249m{[0m
 [38;5;240m   │[0m   ──┬──  
 [38;5;240m   │[0m     ╰──── 
[38;5;246m────╯[0m
[39m
  Plugin: [35mvite:oxc[39m
  File: [36mC:/Users/hp/Documents/New folder/EXTREME FIRE SERVICES APPLICATION/frontend/src/pages/CustomersPage.tsx[39m
      at transformWithOxc (file:///C:/Users/hp/Documents/New%20folder/EXTREME%20FIRE%20SERVICES%20APPLICATION/frontend/node_modules/vite/dist/node/chunks/node.js:4103:19)
      at TransformPluginContext.transform (file:///C:/Users/hp/Documents/New%20folder/EXTREME%20FIRE%20SERVICES%20APPLICATION/frontend/node_modules/vite/dist/node/chunks/node.js:4174:26)
      at EnvironmentPluginContainer.transform (file:///C:/Users/hp/Documents/New%20folder/EXTREME%20FIRE%20SERVICES%20APPLICATION/frontend/node_modules/vite/dist/node/chunks/node.js:30932:51)
      at async loadAndTransform (file:///C:/Users/hp/Documents/New%20folder/EXTREME%20FIRE%20SERVICES%20APPLICATION/frontend/node_modules/vite/dist/node/chunks/node.js:20671:26)
      at async viteTransformMiddleware (file:///C:/Users/hp/Documents/New%20folder/EXTREME%20FIRE%20SERVICES%20APPLICATION/frontend/node_modules/vite/dist/node/chunks/node.js:25205:20)
[2m3:32:08 PM[22m [31m[1m[vite][22m[39m [31m[2m(client)[22m[39m [2m[console.error] [22m[vite] Failed to reload /src/pages/CustomersPage.tsx. This could be due to syntax errors or importing non-existent modules. (see errors above)
[2m3:34:57 PM[22m [36m[1m[vite][22m[39m [90m[2m(client)[22m[39m [32mhmr update [39m[2m/src/pages/CustomersPage.tsx[22m
[2m3:34:57 PM[22m [31m[1m[vite][22m[39m [31mInternal server error: Transform failed with 1 error:

[31m[PARSE_ERROR] [0mExpected `,` or `)` but found `{`
     [38;5;246m╭[0m[38;5;246m─[0m[38;5;246m[[0m src/pages/CustomersPage.tsx:615:7 [38;5;246m][0m
     [38;5;246m│[0m
 [38;5;246m539 │[0m [38;5;249m [0m[38;5;249m [0m[38;5;249mr[0m[38;5;249me[0m[38;5;249mt[0m[38;5;249mu[0m[38;5;249mr[0m[38;5;249mn[0m[38;5;249m [0m(
 [38;5;240m    │[0m          ┬  
 [38;5;240m    │[0m          ╰── Opened here
 [38;5;240m    │[0m 
 [38;5;246m615 │[0m [38;5;249m [0m[38;5;249m [0m[38;5;249m [0m[38;5;249m [0m[38;5;249m [0m[38;5;249m [0m{[38;5;249me[0m[38;5;249mr[0m[38;5;249mr[0m[38;5;249mo[0m[38;5;249mr[0m[38;5;249m [0m[38;5;249m&[0m[38;5;249m&[0m[38;5;249m [0m[38;5;249m<[0m[38;5;249mA[0m[38;5;249ml[0m[38;5;249me[0m[38;5;249mr[0m[38;5;249mt[0m[38;5;249m [0m[38;5;249ms[0m[38;5;249me[0m[38;5;249mv[0m[38;5;249me[0m[38;5;249mr[0m[38;5;249mi[0m[38;5;249mt[0m[38;5;249my[0m[38;5;249m=[0m[38;5;249m"[0m[38;5;249me[0m[38;5;249mr[0m[38;5;249mr[0m[38;5;249mo[0m[38;5;249mr[0m[38;5;249m"[0m[38;5;249m [0m[38;5;249ms[0m[38;5;249mx[0m[38;5;249m=[0m[38;5;249m{[0m[38;5;249m{[0m[38;5;249m [0m[38;5;249mm[0m[38;5;249mb[0m[38;5;249m:[0m[38;5;249m [0m[38;5;249m2[0m[38;5;249m [0m[38;5;249m}[0m[38;5;249m}[0m[38;5;249m>[0m[38;5;249m{[0m[38;5;249me[0m[38;5;249mr[0m[38;5;249mr[0m[38;5;249mo[0m[38;5;249mr[0m[38;5;249m}[0m[38;5;249m<[0m[38;5;249m/[0m[38;5;249mA[0m[38;5;249ml[0m[38;5;249me[0m[38;5;249mr[0m[38;5;249mt[0m[38;5;249m>[0m[38;5;249m}[0m
 [38;5;240m    │[0m       ┬  
 [38;5;240m    │[0m       ╰── `,` or `)` expected
[38;5;246m─────╯[0m
[39m
  Plugin: [35mvite:oxc[39m
  File: [36mC:/Users/hp/Documents/New folder/EXTREME FIRE SERVICES APPLICATION/frontend/src/pages/CustomersPage.tsx[39m
      at transformWithOxc (file:///C:/Users/hp/Documents/New%20folder/EXTREME%20FIRE%20SERVICES%20APPLICATION/frontend/node_modules/vite/dist/node/chunks/node.js:4103:19)
      at TransformPluginContext.transform (file:///C:/Users/hp/Documents/New%20folder/EXTREME%20FIRE%20SERVICES%20APPLICATION/frontend/node_modules/vite/dist/node/chunks/node.js:4174:26)
      at EnvironmentPluginContainer.transform (file:///C:/Users/hp/Documents/New%20folder/EXTREME%20FIRE%20SERVICES%20APPLICATION/frontend/node_modules/vite/dist/node/chunks/node.js:30932:51)
      at async loadAndTransform (file:///C:/Users/hp/Documents/New%20folder/EXTREME%20FIRE%20SERVICES%20APPLICATION/frontend/node_modules/vite/dist/node/chunks/node.js:20671:26)
      at async viteTransformMiddleware (file:///C:/Users/hp/Documents/New%20folder/EXTREME%20FIRE%20SERVICES%20APPLICATION/frontend/node_modules/vite/dist/node/chunks/node.js:25205:20)
[2m3:34:57 PM[22m [31m[1m[vite][22m[39m [31m[2m(client)[22m[39m [2m[console.error] [22m[vite] Failed to reload /src/pages/CustomersPage.tsx. This could be due to syntax errors or importing non-existent modules. (see errors above)
[2m3:36:01 PM[22m [36m[1m[vite][22m[39m [90m[2m(client)[22m[39m [32mhmr update [39m[2m/src/pages/CustomersPage.tsx[22m
[2m3:36:47 PM[22m [36m[1m[vite][22m[39m [90m[2m(client)[22m[39m [32mhmr update [39m[2m/src/pages/CustomersPage.tsx[22m
[2m3:41:37 PM[22m [36m[1m[vite][22m[39m [90m[2m(client)[22m[39m [32mhmr update [39m[2m/src/pages/CustomersPage.tsx[22m
[2m3:41:38 PM[22m [31m[1m[vite][22m[39m [31m[2m(client)[22m[39m [31m[Unhandled error] [1mReferenceError[22m: Tabs is not defined
[39m > WebLookupPanel src/pages/CustomersPage.tsx:314:7
    312 |        )}
    313 |  
    314 |        <Tabs
        |         ^
    315 |          value={tab}
    316 |          onChange={(_, v) => setTab(v)}
 > Object.react_stack_bottom_frame node_modules/react-dom/cjs/react-dom-client.development.js:25904:19
 > renderWithHooks node_modules/react-dom/cjs/react-dom-client.development.js:7662:21
 > updateFunctionComponent node_modules/react-dom/cjs/react-dom-client.development.js:10166:18
 > beginWork node_modules/react-dom/cjs/react-dom-client.development.js:11778:17
 > runWithFiberInDEV node_modules/react-dom/cjs/react-dom-client.development.js:871:29
 > performUnitOfWork node_modules/react-dom/cjs/react-dom-client.development.js:17641:21
 > workLoopSync node_modules/react-dom/cjs/react-dom-client.development.js:17469:40
 > renderRootSync node_modules/react-dom/cjs/react-dom-client.development.js:17450:10
 > performWorkOnRoot node_modules/react-dom/cjs/react-dom-client.development.js:16583:34

[2m3:41:38 PM[22m [33m[1m[vite][22m[39m [33m[2m(client)[22m[39m [2m[console.warn] [22mAn error occurred in the <WebLookupPanel> component.

Consider adding an error boundary to your tree to customize error handling behavior.
Visit https://react.dev/link/error-boundaries to learn more about error boundaries.

[2m3:41:48 PM[22m [36m[1m[vite][22m[39m [90m[2m(client)[22m[39m [32mhmr update [39m[2m/src/pages/CustomersPage.tsx[22m
[2m3:41:59 PM[22m [36m[1m[vite][22m[39m [90m[2m(client)[22m[39m [32mhmr update [39m[2m/src/pages/CustomersPage.tsx[22m
[2m3:42:01 PM[22m [36m[1m[vite][22m[39m [90m[2m(client)[22m[39m [optimizer] bundling dependencies...
[2m3:42:03 PM[22m [36m[1m[vite][22m[39m [90m[2m(client)[22m[39m [32mdependencies optimized: [33m@mui/icons-material/BusinessCenter, @mui/icons-material/Place, @mui/icons-material/TravelExplore[32m[39m
[2m3:43:17 PM[22m [31m[1m[vite][22m[39m [31m[2m(client)[22m[39m [2m[console.error] [22mIn HTML, <div> cannot be a descendant of <p>.
This will cause a hydration error.

  ...
    <MuiPaper-root as="div" ownerState={{elevation:24, ...}} className="MuiPaper-r..." ref={null} role="dialog" ...>
      <Insertion>
      <div className="MuiPaper-r..." role="dialog" aria-describedby={undefined} aria-labelledby="_r_1g_" ...>
        <DialogTitle>
        <DialogContent dividers={true}>
          <MuiDialogContent-root className="MuiDialogC..." ownerState={{dividers:true, ...}} ref={null}>
            <Insertion>
            <div className="MuiDialogC...">
              <Box sx={{display:"grid", ...}}>
                <Styled(div) as="div" ref={null} className="MuiBox-root" theme={{...}} sx={{display:"grid", ...}}>
                  <Insertion>
                  <div className="MuiBox-roo...">
                    <InfoRow label="Customer type" value={<ForwardRef(Chip)>}>
                      <Box>
                        <Styled(div) as="div" ref={null} className="MuiBox-root" theme={{...}}>
                          <Insertion>
                          <div className="MuiBox-roo...">
                            <Typography>
                            <Typography variant="body2" sx={{color:"#0f...", ...}}>
                              <MuiTypography-root as="p" ref={null} className="MuiTypogra..." sx={{color:"#0f...", ...}} ...>
                                <Insertion>
>                               <p
>                                 className="MuiTypography-root MuiTypography-body2 css-1q28zkm-MuiTypography-root"
>                                 style={{}}
>                               >
                                  <Chip label="Commercial" size="small" sx={{bgcolor:"#...", ...}}>
                                    <MuiChip-root as="div" onClick={function onClick} onKeyDown={function onKeyDown} ...>
                                      <Insertion>
>                                     <div
>                                       onClick={function onClick}
>                                       onKeyDown={function onKeyDown}
>                                       onKeyUp={function onKeyUp}
>                                       disabled={undefined}
>                                       tabIndex={undefined}
>                                       className="MuiChip-root MuiChip-filled MuiChip-sizeSmall MuiChip-colorDefault ..."
>                                       ref={function}
>                                     >
                    ...
              ...
        ...

[2m3:43:17 PM[22m [31m[1m[vite][22m[39m [31m[2m(client)[22m[39m [2m[console.error] [22m<p> cannot contain a nested <div>.
See this log for the ancestor stack trace.
[2m3:57:40 PM[22m [36m[1m[vite][22m[39m [90m[2m(client)[22m[39m [32mhmr update [39m[2m/src/layouts/AppLayout.tsx[22m
[2m3:57:50 PM[22m [36m[1m[vite][22m[39m [90m[2m(client)[22m[39m [32mhmr update [39m[2m/src/pages/CustomersPage.tsx[22m
[2m3:57:51 PM[22m [31m[1m[vite][22m[39m [31m[2m(client)[22m[39m [31m[Unhandled error] [1mReferenceError[22m: useTheme is not defined
[39m > CustomersPage src/pages/CustomersPage.tsx:440:16
    438 |  
    439 |  export default function CustomersPage() {
    440 |    const theme = useTheme()
        |                  ^
    441 |    const isMobile = useMediaQuery(theme.breakpoints.down('sm'))
    442 |    const [customers, setCustomers] = useState<Customer[]>([])
 > Object.react_stack_bottom_frame node_modules/react-dom/cjs/react-dom-client.development.js:25904:19
 > renderWithHooks node_modules/react-dom/cjs/react-dom-client.development.js:7662:21
 > updateFunctionComponent node_modules/react-dom/cjs/react-dom-client.development.js:10166:18
 > beginWork node_modules/react-dom/cjs/react-dom-client.development.js:11778:17
 > runWithFiberInDEV node_modules/react-dom/cjs/react-dom-client.development.js:871:29
 > performUnitOfWork node_modules/react-dom/cjs/react-dom-client.development.js:17641:21
 > workLoopSync node_modules/react-dom/cjs/react-dom-client.development.js:17469:40
 > renderRootSync node_modules/react-dom/cjs/react-dom-client.development.js:17450:10
 > performWorkOnRoot node_modules/react-dom/cjs/react-dom-client.development.js:16583:34

[2m3:57:51 PM[22m [33m[1m[vite][22m[39m [33m[2m(client)[22m[39m [2m[console.warn] [22mAn error occurred in the <CustomersPage> component.

Consider adding an error boundary to your tree to customize error handling behavior.
Visit https://react.dev/link/error-boundaries to learn more about error boundaries.

[2m3:58:01 PM[22m [36m[1m[vite][22m[39m [90m[2m(client)[22m[39m [32mhmr update [39m[2m/src/pages/CustomersPage.tsx[22m
[2m3:58:02 PM[22m [31m[1m[vite][22m[39m [31m[2m(client)[22m[39m [31m[Unhandled error] [1mReferenceError[22m: useTheme is not defined
[39m > CustomersPage src/pages/CustomersPage.tsx:441:16
    439 |  
    440 |  export default function CustomersPage() {
    441 |    const theme = useTheme()
        |                  ^
    442 |    const isMobile = useMediaQuery(theme.breakpoints.down('sm'))
    443 |    const [customers, setCustomers] = useState<Customer[]>([])
 > Object.react_stack_bottom_frame node_modules/react-dom/cjs/react-dom-client.development.js:25904:19
 > renderWithHooks node_modules/react-dom/cjs/react-dom-client.development.js:7662:21
 > updateFunctionComponent node_modules/react-dom/cjs/react-dom-client.development.js:10166:18
 > beginWork node_modules/react-dom/cjs/react-dom-client.development.js:11778:17
 > runWithFiberInDEV node_modules/react-dom/cjs/react-dom-client.development.js:871:29
 > performUnitOfWork node_modules/react-dom/cjs/react-dom-client.development.js:17641:21
 > workLoopSync node_modules/react-dom/cjs/react-dom-client.development.js:17469:40
 > renderRootSync node_modules/react-dom/cjs/react-dom-client.development.js:17450:10
 > performWorkOnRoot node_modules/react-dom/cjs/react-dom-client.development.js:16583:34

[2m3:58:02 PM[22m [33m[1m[vite][22m[39m [33m[2m(client)[22m[39m [2m[console.warn] [22mAn error occurred in the <CustomersPage> component.

Consider adding an error boundary to your tree to customize error handling behavior.
Visit https://react.dev/link/error-boundaries to learn more about error boundaries.

[2m3:58:32 PM[22m [36m[1m[vite][22m[39m [90m[2m(client)[22m[39m [32mhmr update [39m[2m/src/pages/CustomersPage.tsx[22m
[2m3:58:34 PM[22m [31m[1m[vite][22m[39m [31m[2m(client)[22m[39m [31m[Unhandled error] [1mReferenceError[22m: useTheme is not defined
[39m > CustomersPage src/pages/CustomersPage.tsx:440:16
    438 |  
    439 |  export default function CustomersPage() {
    440 |    const theme = useTheme()
        |                  ^
    441 |    const isMobile = useMediaQuery(theme.breakpoints.down('sm'))
    442 |    const [customers, setCustomers] = useState<Customer[]>([])
 > Object.react_stack_bottom_frame node_modules/react-dom/cjs/react-dom-client.development.js:25904:19
 > renderWithHooks node_modules/react-dom/cjs/react-dom-client.development.js:7662:21
 > updateFunctionComponent node_modules/react-dom/cjs/react-dom-client.development.js:10166:18
 > beginWork node_modules/react-dom/cjs/react-dom-client.development.js:11778:17
 > runWithFiberInDEV node_modules/react-dom/cjs/react-dom-client.development.js:871:29
 > performUnitOfWork node_modules/react-dom/cjs/react-dom-client.development.js:17641:21
 > workLoopSync node_modules/react-dom/cjs/react-dom-client.development.js:17469:40
 > renderRootSync node_modules/react-dom/cjs/react-dom-client.development.js:17450:10
 > performWorkOnRoot node_modules/react-dom/cjs/react-dom-client.development.js:16583:34

[2m3:58:34 PM[22m [33m[1m[vite][22m[39m [33m[2m(client)[22m[39m [2m[console.warn] [22mAn error occurred in the <CustomersPage> component.

Consider adding an error boundary to your tree to customize error handling behavior.
Visit https://react.dev/link/error-boundaries to learn more about error boundaries.

[2m3:58:43 PM[22m [36m[1m[vite][22m[39m [90m[2m(client)[22m[39m [32mhmr update [39m[2m/src/pages/CustomersPage.tsx[22m
[2m3:59:02 PM[22m [36m[1m[vite][22m[39m [90m[2m(client)[22m[39m [32mhmr update [39m[2m/src/pages/CustomersPage.tsx[22m
[2m3:59:18 PM[22m [36m[1m[vite][22m[39m [90m[2m(client)[22m[39m [32mhmr update [39m[2m/src/pages/CustomersPage.tsx[22m
[2m3:59:18 PM[22m [31m[1m[vite][22m[39m [31mInternal server error: Transform failed with 1 error:

[31m[PARSE_ERROR] [0mExpected `,` or `)` but found `}`
     [38;5;246m╭[0m[38;5;246m─[0m[38;5;246m[[0m src/pages/CustomersPage.tsx:817:8 [38;5;246m][0m
     [38;5;246m│[0m
 [38;5;246m676 │[0m [38;5;249m [0m[38;5;249m [0m[38;5;249m [0m[38;5;249m [0m[38;5;249m [0m[38;5;249m [0m[38;5;249m)[0m[38;5;249m [0m[38;5;249m:[0m[38;5;249m [0m(
 [38;5;240m    │[0m           ┬  
 [38;5;240m    │[0m           ╰── Opened here
 [38;5;240m    │[0m 
 [38;5;246m817 │[0m [38;5;249m [0m[38;5;249m [0m[38;5;249m [0m[38;5;249m [0m[38;5;249m [0m[38;5;249m [0m[38;5;249m)[0m}
 [38;5;240m    │[0m        ┬  
 [38;5;240m    │[0m        ╰── `,` or `)` expected
[38;5;246m─────╯[0m
[39m
  Plugin: [35mvite:oxc[39m
  File: [36mC:/Users/hp/Documents/New folder/EXTREME FIRE SERVICES APPLICATION/frontend/src/pages/CustomersPage.tsx[39m
      at transformWithOxc (file:///C:/Users/hp/Documents/New%20folder/EXTREME%20FIRE%20SERVICES%20APPLICATION/frontend/node_modules/vite/dist/node/chunks/node.js:4103:19)
      at TransformPluginContext.transform (file:///C:/Users/hp/Documents/New%20folder/EXTREME%20FIRE%20SERVICES%20APPLICATION/frontend/node_modules/vite/dist/node/chunks/node.js:4174:26)
      at EnvironmentPluginContainer.transform (file:///C:/Users/hp/Documents/New%20folder/EXTREME%20FIRE%20SERVICES%20APPLICATION/frontend/node_modules/vite/dist/node/chunks/node.js:30932:51)
      at async loadAndTransform (file:///C:/Users/hp/Documents/New%20folder/EXTREME%20FIRE%20SERVICES%20APPLICATION/frontend/node_modules/vite/dist/node/chunks/node.js:20671:26)
      at async viteTransformMiddleware (file:///C:/Users/hp/Documents/New%20folder/EXTREME%20FIRE%20SERVICES%20APPLICATION/frontend/node_modules/vite/dist/node/chunks/node.js:25205:20)
[2m3:59:18 PM[22m [31m[1m[vite][22m[39m [31m[2m(client)[22m[39m [2m[console.error] [22m[vite] Failed to reload /src/pages/CustomersPage.tsx. This could be due to syntax errors or importing non-existent modules. (see errors above)
[2m3:59:44 PM[22m [36m[1m[vite][22m[39m [90m[2m(client)[22m[39m [32mhmr update [39m[2m/src/pages/CustomersPage.tsx[22m
[2m4:00:06 PM[22m [36m[1m[vite][22m[39m [90m[2m(client)[22m[39m [32mhmr update [39m[2m/src/pages/CustomersPage.tsx[22m
[2m4:00:07 PM[22m [36m[1m[vite][22m[39m [90m[2m(client)[22m[39m [optimizer] bundling dependencies...
[2m4:00:09 PM[22m [36m[1m[vite][22m[39m [90m[2m(client)[22m[39m [32mdependency optimized: [33m@mui/icons-material/Close[32m[39m
[2m4:00:18 PM[22m [36m[1m[vite][22m[39m [90m[2m(client)[22m[39m [32mhmr update [39m[2m/src/pages/CustomersPage.tsx[22m
[2m4:00:27 PM[22m [36m[1m[vite][22m[39m [90m[2m(client)[22m[39m [32mhmr update [39m[2m/src/pages/CustomersPage.tsx[22m
[2m4:00:39 PM[22m [36m[1m[vite][22m[39m [90m[2m(client)[22m[39m [32mhmr update [39m[2m/src/pages/CustomersPage.tsx[22m
[2m4:01:56 PM[22m [36m[1m[vite][22m[39m [90m[2m(client)[22m[39m [32mhmr update [39m[2m/src/pages/CustomersPage.tsx[22m
[2m4:13:15 PM[22m [36m[1m[vite][22m[39m [90m[2m(client)[22m[39m [32mhmr update [39m[2m/src/pages/DashboardPage.tsx[22m
[2m4:14:01 PM[22m [36m[1m[vite][22m[39m [90m[2m(client)[22m[39m [32mhmr update [39m[2m/src/App.tsx[22m
[2m4:14:02 PM[22m [36m[1m[vite][22m[39m [90m[2m(client)[22m[39m [optimizer] bundling dependencies...
[2m4:14:04 PM[22m [36m[1m[vite][22m[39m [90m[2m(client)[22m[39m [32mdependencies optimized: [33m@mui/icons-material/ArrowForward, @mui/icons-material/Download, @mui/icons-material/KeyboardArrowDown, @mui/icons-material/Storefront[32m[39m
[2m8:00:35 AM[22m [36m[1m[vite][22m[39m [90m[2m(client)[22m[39m [32mhmr update [39m[2m/src/pages/CustomersPage.tsx[22m
[2m8:00:37 AM[22m [36m[1m[vite][22m[39m [90m[2m(client)[22m[39m [optimizer] bundling dependencies...
[2m8:00:43 AM[22m [36m[1m[vite][22m[39m [90m[2m(client)[22m[39m [32mdependencies optimized: [33m@mui/icons-material/CheckCircle, @mui/icons-material/FolderOpen, @mui/icons-material/InfoOutlined, @mui/icons-material/NotificationsActive, @mui/icons-material/PeopleAlt, @mui/icons-material/PushPin, @mui/icons-material/Schedule, @mui/icons-material/Timeline[32m[39m
[2m8:00:44 AM[22m [31m[1m[vite][22m[39m [31m[2m(client)[22m[39m [2m[console.error] [22m[vite] SyntaxError: Identifier 'CUSTOMER_TYPES' has already been declared
[2m8:00:44 AM[22m [31m[1m[vite][22m[39m [31m[2m(client)[22m[39m [2m[console.error] [22m[vite] Failed to reload /src/pages/CustomersPage.tsx. This could be due to syntax errors or importing non-existent modules. (see errors above)
[2m8:00:44 AM[22m [31m[1m[vite][22m[39m [31m[2m(client)[22m[39m [2m[console.error] [22m[vite] SyntaxError: Identifier 'CUSTOMER_TYPES' has already been declared
[2m8:00:44 AM[22m [31m[1m[vite][22m[39m [31m[2m(client)[22m[39m [2m[console.error] [22m[vite] Failed to reload /src/pages/CustomersPage.tsx. This could be due to syntax errors or importing non-existent modules. (see errors above)
[2m8:01:13 AM[22m [36m[1m[vite][22m[39m [90m[2m(client)[22m[39m [32mhmr update [39m[2m/src/pages/CustomersPage.tsx[22m
[2m8:01:15 AM[22m [31m[1m[vite][22m[39m [31m[2m(client)[22m[39m [2m[console.error] [22m[vite] SyntaxError: The requested module '/src/pages/customerTypes.ts' does not provide an export named 'Customer'
[2m8:01:15 AM[22m [31m[1m[vite][22m[39m [31m[2m(client)[22m[39m [2m[console.error] [22m[vite] Failed to reload /src/pages/CustomersPage.tsx. This could be due to syntax errors or importing non-existent modules. (see errors above)
[2m8:01:15 AM[22m [31m[1m[vite][22m[39m [31m[2m(client)[22m[39m [2m[console.error] [22m[vite] SyntaxError: The requested module '/src/pages/customerTypes.ts' does not provide an export named 'Customer'
[2m8:01:15 AM[22m [31m[1m[vite][22m[39m [31m[2m(client)[22m[39m [2m[console.error] [22m[vite] Failed to reload /src/pages/CustomersPage.tsx. This could be due to syntax errors or importing non-existent modules. (see errors above)
[2m8:02:14 AM[22m [36m[1m[vite][22m[39m [90m[2m(client)[22m[39m [32mhmr update [39m[2m/src/pages/CustomersPage.tsx[22m
[2m8:02:15 AM[22m [31m[1m[vite][22m[39m [31m[2m(client)[22m[39m [2m[console.error] [22m[vite] SyntaxError: The requested module '/src/pages/customerTypes.ts' does not provide an export named 'Customer'
[2m8:02:15 AM[22m [31m[1m[vite][22m[39m [31m[2m(client)[22m[39m [2m[console.error] [22m[vite] Failed to reload /src/pages/CustomersPage.tsx. This could be due to syntax errors or importing non-existent modules. (see errors above)
[2m8:02:15 AM[22m [31m[1m[vite][22m[39m [31m[2m(client)[22m[39m [2m[console.error] [22m[vite] SyntaxError: The requested module '/src/pages/customerTypes.ts' does not provide an export named 'Customer'
[2m8:02:15 AM[22m [31m[1m[vite][22m[39m [31m[2m(client)[22m[39m [2m[console.error] [22m[vite] Failed to reload /src/pages/CustomersPage.tsx. This could be due to syntax errors or importing non-existent modules. (see errors above)
[2m8:02:44 AM[22m [36m[1m[vite][22m[39m [90m[2m(client)[22m[39m [32mhmr update [39m[2m/src/pages/CustomersPage.tsx[22m
[2m8:02:44 AM[22m [31m[1m[vite][22m[39m [31m[2m(client)[22m[39m [2m[console.error] [22m[vite] SyntaxError: The requested module '/src/pages/customerTypes.ts' does not provide an export named 'Customer'
[2m8:02:44 AM[22m [31m[1m[vite][22m[39m [31m[2m(client)[22m[39m [2m[console.error] [22m[vite] Failed to reload /src/pages/CustomersPage.tsx. This could be due to syntax errors or importing non-existent modules. (see errors above)
[2m8:02:44 AM[22m [31m[1m[vite][22m[39m [31m[2m(client)[22m[39m [2m[console.error] [22m[vite] SyntaxError: The requested module '/src/pages/customerTypes.ts' does not provide an export named 'Customer'
[2m8:02:44 AM[22m [31m[1m[vite][22m[39m [31m[2m(client)[22m[39m [2m[console.error] [22m[vite] Failed to reload /src/pages/CustomersPage.tsx. This could be due to syntax errors or importing non-existent modules. (see errors above)
[2m8:02:57 AM[22m [36m[1m[vite][22m[39m [90m[2m(client)[22m[39m [32mhmr update [39m[2m/src/pages/CustomersPage.tsx[22m
[2m8:03:01 AM[22m [31m[1m[vite][22m[39m [31m[2m(client)[22m[39m [2m[console.error] [22m[vite] SyntaxError: The requested module '/src/pages/customerTypes.ts' does not provide an export named 'Customer'
[2m8:03:01 AM[22m [31m[1m[vite][22m[39m [31m[2m(client)[22m[39m [2m[console.error] [22m[vite] Failed to reload /src/pages/CustomersPage.tsx. This could be due to syntax errors or importing non-existent modules. (see errors above)
[2m8:03:01 AM[22m [31m[1m[vite][22m[39m [31m[2m(client)[22m[39m [2m[console.error] [22m[vite] SyntaxError: The requested module '/src/pages/customerTypes.ts' does not provide an export named 'Customer'
[2m8:03:01 AM[22m [31m[1m[vite][22m[39m [31m[2m(client)[22m[39m [2m[console.error] [22m[vite] Failed to reload /src/pages/CustomersPage.tsx. This could be due to syntax errors or importing non-existent modules. (see errors above)
[2m8:03:20 AM[22m [36m[1m[vite][22m[39m [90m[2m(client)[22m[39m [32mhmr update [39m[2m/src/pages/CustomersPage.tsx[22m
[2m8:03:20 AM[22m [31m[1m[vite][22m[39m [31m[2m(client)[22m[39m [2m[console.error] [22m[vite] SyntaxError: The requested module '/src/pages/customerTypes.ts' does not provide an export named 'Customer'
[2m8:03:20 AM[22m [31m[1m[vite][22m[39m [31m[2m(client)[22m[39m [2m[console.error] [22m[vite] Failed to reload /src/pages/CustomersPage.tsx. This could be due to syntax errors or importing non-existent modules. (see errors above)
[2m8:03:20 AM[22m [31m[1m[vite][22m[39m [31m[2m(client)[22m[39m [2m[console.error] [22m[vite] SyntaxError: The requested module '/src/pages/customerTypes.ts' does not provide an export named 'Customer'
[2m8:03:20 AM[22m [31m[1m[vite][22m[39m [31m[2m(client)[22m[39m [2m[console.error] [22m[vite] Failed to reload /src/pages/CustomersPage.tsx. This could be due to syntax errors or importing non-existent modules. (see errors above)
[2m8:03:39 AM[22m [36m[1m[vite][22m[39m [90m[2m(client)[22m[39m [32mhmr update [39m[2m/src/pages/CustomersPage.tsx[22m
[2m8:03:39 AM[22m [31m[1m[vite][22m[39m [31m[2m(client)[22m[39m [2m[console.error] [22m[vite] SyntaxError: The requested module '/src/pages/customerTypes.ts' does not provide an export named 'Customer'
[2m8:03:39 AM[22m [31m[1m[vite][22m[39m [31m[2m(client)[22m[39m [2m[console.error] [22m[vite] Failed to reload /src/pages/CustomersPage.tsx. This could be due to syntax errors or importing non-existent modules. (see errors above)
[2m8:03:39 AM[22m [31m[1m[vite][22m[39m [31m[2m(client)[22m[39m [2m[console.error] [22m[vite] SyntaxError: The requested module '/src/pages/customerTypes.ts' does not provide an export named 'Customer'
[2m8:03:39 AM[22m [31m[1m[vite][22m[39m [31m[2m(client)[22m[39m [2m[console.error] [22m[vite] Failed to reload /src/pages/CustomersPage.tsx. This could be due to syntax errors or importing non-existent modules. (see errors above)
[2m8:04:14 AM[22m [36m[1m[vite][22m[39m [90m[2m(client)[22m[39m [32mhmr update [39m[2m/src/pages/CustomersPage.tsx[22m
[2m8:04:14 AM[22m [31m[1m[vite][22m[39m [31m[2m(client)[22m[39m [2m[console.error] [22m[vite] SyntaxError: The requested module '/src/pages/customerTypes.ts' does not provide an export named 'Customer'
[2m8:04:14 AM[22m [31m[1m[vite][22m[39m [31m[2m(client)[22m[39m [2m[console.error] [22m[vite] Failed to reload /src/pages/CustomersPage.tsx. This could be due to syntax errors or importing non-existent modules. (see errors above)
[2m8:04:14 AM[22m [31m[1m[vite][22m[39m [31m[2m(client)[22m[39m [2m[console.error] [22m[vite] SyntaxError: The requested module '/src/pages/customerTypes.ts' does not provide an export named 'Customer'
[2m8:04:14 AM[22m [31m[1m[vite][22m[39m [31m[2m(client)[22m[39m [2m[console.error] [22m[vite] Failed to reload /src/pages/CustomersPage.tsx. This could be due to syntax errors or importing non-existent modules. (see errors above)
[2m8:05:42 AM[22m [36m[1m[vite][22m[39m [90m[2m(client)[22m[39m [32mhmr update [39m[2m/src/pages/CustomersPage.tsx[22m
[2m8:05:43 AM[22m [31m[1m[vite][22m[39m [31m[2m(client)[22m[39m [2m[console.error] [22m[vite] SyntaxError: The requested module '/src/pages/customerTypes.ts' does not provide an export named 'Customer'
[2m8:05:43 AM[22m [31m[1m[vite][22m[39m [31m[2m(client)[22m[39m [2m[console.error] [22m[vite] Failed to reload /src/pages/CustomersPage.tsx. This could be due to syntax errors or importing non-existent modules. (see errors above)
[2m8:05:54 AM[22m [36m[1m[vite][22m[39m [90m[2m(client)[22m[39m [32mhmr update [39m[2m/src/pages/CustomersPage.tsx[22m
[2m8:05:54 AM[22m [31m[1m[vite][22m[39m [31m[2m(client)[22m[39m [2m[console.error] [22m[vite] SyntaxError: The requested module '/src/pages/customerTypes.ts' does not provide an export named 'Customer'
[2m8:05:54 AM[22m [31m[1m[vite][22m[39m [31m[2m(client)[22m[39m [2m[console.error] [22m[vite] Failed to reload /src/pages/CustomersPage.tsx. This could be due to syntax errors or importing non-existent modules. (see errors above)
[2m8:06:17 AM[22m [36m[1m[vite][22m[39m [90m[2m(client)[22m[39m [32mhmr update [39m[2m/src/pages/CustomersPage.tsx[22m
[2m8:06:17 AM[22m [31m[1m[vite][22m[39m [31m[2m(client)[22m[39m [2m[console.error] [22m[vite] SyntaxError: The requested module '/src/pages/customerTypes.ts' does not provide an export named 'Customer'
[2m8:06:17 AM[22m [31m[1m[vite][22m[39m [31m[2m(client)[22m[39m [2m[console.error] [22m[vite] Failed to reload /src/pages/CustomersPage.tsx. This could be due to syntax errors or importing non-existent modules. (see errors above)
[2m8:08:11 AM[22m [36m[1m[vite][22m[39m [90m[2m(client)[22m[39m [32mhmr update [39m[2m/src/pages/CustomersPage.tsx[22m
[2m8:08:13 AM[22m [31m[1m[vite][22m[39m [31m[2m(client)[22m[39m [2m[console.error] [22m[vite] SyntaxError: The requested module '/src/pages/customerTypes.ts' does not provide an export named 'Customer'
[2m8:08:13 AM[22m [31m[1m[vite][22m[39m [31m[2m(client)[22m[39m [2m[console.error] [22m[vite] Failed to reload /src/pages/CustomersPage.tsx. This could be due to syntax errors or importing non-existent modules. (see errors above)
[2m8:08:23 AM[22m [36m[1m[vite][22m[39m [90m[2m(client)[22m[39m [32mhmr update [39m[2m/src/pages/CustomersPage.tsx[22m
[2m8:08:23 AM[22m [31m[1m[vite][22m[39m [31m[2m(client)[22m[39m [2m[console.error] [22m[vite] SyntaxError: The requested module '/src/pages/customerTypes.ts' does not provide an export named 'Customer'
[2m8:08:23 AM[22m [31m[1m[vite][22m[39m [31m[2m(client)[22m[39m [2m[console.error] [22m[vite] Failed to reload /src/pages/CustomersPage.tsx. This could be due to syntax errors or importing non-existent modules. (see errors above)
[2m8:08:53 AM[22m [36m[1m[vite][22m[39m [90m[2m(client)[22m[39m [32mhmr update [39m[2m/src/pages/CustomersPage.tsx[22m
[2m8:08:54 AM[22m [31m[1m[vite][22m[39m [31m[2m(client)[22m[39m [2m[console.error] [22m[vite] SyntaxError: The requested module '/src/pages/customerTypes.ts' does not provide an export named 'Customer'
[2m8:08:54 AM[22m [31m[1m[vite][22m[39m [31m[2m(client)[22m[39m [2m[console.error] [22m[vite] Failed to reload /src/pages/CustomersPage.tsx. This could be due to syntax errors or importing non-existent modules. (see errors above)
[2m8:11:19 AM[22m [31m[1m[vite][22m[39m [31m[2m(client)[22m[39m [31m[Unhandled error] [1mSyntaxError[22m: The requested module '/src/pages/customerTypes.ts' does not provide an export named 'Customer'
[39m
[2m8:11:26 AM[22m [31m[1m[vite][22m[39m [31m[2m(client)[22m[39m [31m[Unhandled error] [1mSyntaxError[22m: The requested module '/src/pages/customerTypes.ts' does not provide an export named 'Customer'
[39m
[2m8:11:28 AM[22m [31m[1m[vite][22m[39m [31m[2m(client)[22m[39m [31m[Unhandled error] [1mSyntaxError[22m: The requested module '/src/pages/customerTypes.ts' does not provide an export named 'Customer'
[39m
[2m8:11:35 AM[22m [31m[1m[vite][22m[39m [31m[2m(client)[22m[39m [31m[Unhandled error] [1mSyntaxError[22m: The requested module '/src/pages/customerTypes.ts' does not provide an export named 'Customer'
[39m
[2m8:11:38 AM[22m [31m[1m[vite][22m[39m [31m[2m(client)[22m[39m [31m[Unhandled error] [1mSyntaxError[22m: The requested module '/src/pages/customerTypes.ts' does not provide an export named 'Customer'
[39m
[2m8:11:59 AM[22m [36m[1m[vite][22m[39m [90m[2m(client)[22m[39m [32mhmr update [39m[2m/src/pages/CustomersPage.tsx[22m
[2m8:11:59 AM[22m [36m[1m[vite][22m[39m [90m[2m(client)[22m[39m [32mhmr update [39m[2m/src/pages/CustomersPage.tsx[22m
[2m8:23:03 AM[22m [36m[1m[vite][22m[39m [90m[2m(client)[22m[39m [32mhmr update [39m[2m/src/pages/CustomerProfileDialog.tsx[22m
[2m8:23:12 AM[22m [36m[1m[vite][22m[39m [90m[2m(client)[22m[39m [32mhmr update [39m[2m/src/pages/CustomerProfileDialog.tsx[22m
[2m8:23:22 AM[22m [36m[1m[vite][22m[39m [90m[2m(client)[22m[39m [32mhmr update [39m[2m/src/pages/CustomersPage.tsx[22m
[2m8:23:33 AM[22m [36m[1m[vite][22m[39m [90m[2m(client)[22m[39m [32mhmr update [39m[2m/src/pages/CustomersPage.tsx[22m
[2m8:24:02 AM[22m [36m[1m[vite][22m[39m [90m[2m(client)[22m[39m [32mhmr update [39m[2m/src/pages/CustomersPage.tsx[22m
[2m8:24:20 AM[22m [36m[1m[vite][22m[39m [90m[2m(client)[22m[39m [32mhmr update [39m[2m/src/pages/CustomersPage.tsx[22m
[2m8:24:30 AM[22m [36m[1m[vite][22m[39m [90m[2m(client)[22m[39m [32mhmr update [39m[2m/src/pages/CustomersPage.tsx[22m
[2m8:28:56 AM[22m [36m[1m[vite][22m[39m [90m[2m(client)[22m[39m [optimizer] bundling dependencies...
[2m8:28:58 AM[22m [36m[1m[vite][22m[39m [90m[2m(client)[22m[39m [32mdependency optimized: [33m@mui/icons-material/LocationOn[32m[39m
