info: Microsoft.EntityFrameworkCore.Database.Command[20101]
      Executed DbCommand (111ms) [Parameters=[], CommandType='Text', CommandTimeout='30']
      CREATE TABLE IF NOT EXISTS "Technicians" (
    "Id" integer GENERATED BY DEFAULT AS IDENTITY PRIMARY KEY,
    "Name" text NOT NULL,
    "Email" text NULL,
    "Phone" text NULL,
    "Trade" text NOT NULL,
    "Vehicle" text NULL,
    "MaxConcurrentJobs" integer NOT NULL,
    "Available" boolean NOT NULL,
    "Latitude" double precision NULL,
    "Longitude" double precision NULL,
    "Skills" text NULL,
    "Certifications" text NULL,
    "CertificationExpiry" timestamp with time zone NULL,
    "HourlyRate" numeric(18,2) NOT NULL,
    "CreatedAt" timestamp with time zone NOT NULL
)
info: Microsoft.EntityFrameworkCore.Database.Command[20101]
      Executed DbCommand (5ms) [Parameters=[], CommandType='Text', CommandTimeout='30']
      CREATE TABLE IF NOT EXISTS "JobCards" (
    "Id" integer GENERATED BY DEFAULT AS IDENTITY PRIMARY KEY,
    "JobNumber" text NOT NULL,
    "CustomerId" integer NULL,
    "SiteId" integer NULL,
    "EquipmentId" integer NULL,
    "JobType" text NOT NULL,
    "Title" text NOT NULL,
    "Description" text NULL,
    "Status" integer NOT NULL,
    "Priority" integer NOT NULL,
    "AssignedTechnicianId" integer NULL,
    "PlannedStart" timestamp with time zone NULL,
    "PlannedEnd" timestamp with time zone NULL,
    "CompletedAt" timestamp with time zone NULL,
    "EstimatedHours" double precision NULL,
    "RequiredSkills" text NULL,
    "RequiredCertifications" text NULL,
    "Latitude" double precision NULL,
    "Longitude" double precision NULL,
    "QuotedAmount" numeric(18,2) NULL,
    "Notes" text NULL,
    "CreatedAt" timestamp with time zone NOT NULL,
    CONSTRAINT "FK_JobCards_Customers" FOREIGN KEY ("CustomerId") REFERENCES "Customers" ("Id") ON DELETE SET NULL,
    CONSTRAINT "FK_JobCards_CustomerSites" FOREIGN KEY ("SiteId") REFERENCES "CustomerSites" ("Id") ON DELETE SET NULL,
    CONSTRAINT "FK_JobCards_Technicians" FOREIGN KEY ("AssignedTechnicianId") REFERENCES "Technicians" ("Id") ON DELETE SET NULL
)
info: Microsoft.EntityFrameworkCore.Database.Command[20101]
      Executed DbCommand (1ms) [Parameters=[], CommandType='Text', CommandTimeout='30']
      CREATE TABLE IF NOT EXISTS "OpsEquipment" (
    "Id" integer GENERATED BY DEFAULT AS IDENTITY PRIMARY KEY,
    "EquipmentNumber" text NOT NULL,
    "CustomerId" integer NULL,
    "SiteId" integer NULL,
    "Name" text NOT NULL,
    "Category" text NOT NULL,
    "Model" text NULL,
    "Make" text NULL,
    "SerialNumber" text NULL,
    "AgentType" text NULL,
    "ManufactureDate" timestamp with time zone NULL,
    "InstallationDate" timestamp with time zone NULL,
    "LastInspectionDate" timestamp with time zone NULL,
    "LastServiceDate" timestamp with time zone NULL,
    "NextServiceDue" timestamp with time zone NULL,
    "ConditionRating" integer NOT NULL,
    "LifeSpanMonths" integer NOT NULL,
    "ServiceIntervalMonths" integer NOT NULL,
    "Status" text NULL,
    "Latitude" double precision NULL,
    "Longitude" double precision NULL,
    "CreatedAt" timestamp with time zone NOT NULL,
    CONSTRAINT "FK_OpsEquipment_Customers" FOREIGN KEY ("CustomerId") REFERENCES "Customers" ("Id") ON DELETE SET NULL,
    CONSTRAINT "FK_OpsEquipment_CustomerSites" FOREIGN KEY ("SiteId") REFERENCES "CustomerSites" ("Id") ON DELETE SET NULL
)
info: Microsoft.EntityFrameworkCore.Database.Command[20101]
      Executed DbCommand (1ms) [Parameters=[], CommandType='Text', CommandTimeout='30']
      CREATE TABLE IF NOT EXISTS "InventoryItems" (
    "Id" integer GENERATED BY DEFAULT AS IDENTITY PRIMARY KEY,
    "Name" text NOT NULL,
    "Category" text NOT NULL,
    "CurrentStock" integer NOT NULL,
    "ReorderLevel" integer NOT NULL,
    "UnitCost" numeric(18,2) NOT NULL,
    "Unit" text NULL,
    "LeadTimeDays" integer NOT NULL,
    "MonthlyUsage" text NULL,
    "CreatedAt" timestamp with time zone NOT NULL
)
info: Microsoft.EntityFrameworkCore.Database.Command[20101]
      Executed DbCommand (1ms) [Parameters=[], CommandType='Text', CommandTimeout='30']
      CREATE TABLE IF NOT EXISTS "OpsInspections" (
    "Id" integer GENERATED BY DEFAULT AS IDENTITY PRIMARY KEY,
    "JobId" integer NULL,
    "EquipmentId" integer NULL,
    "TechnicianId" integer NULL,
    "CustomerId" integer NULL,
    "SiteId" integer NULL,
    "InspectionDate" timestamp with time zone NOT NULL,
    "Result" text NOT NULL,
    "Cost" numeric(18,2) NOT NULL,
    "Findings" text NULL,
    "NextInspectionDue" timestamp with time zone NULL,
    "CreatedAt" timestamp with time zone NOT NULL
)
info: Microsoft.EntityFrameworkCore.Database.Command[20101]
      Executed DbCommand (1ms) [Parameters=[], CommandType='Text', CommandTimeout='30']
      CREATE TABLE IF NOT EXISTS "OpsRefills" (
    "Id" integer GENERATED BY DEFAULT AS IDENTITY PRIMARY KEY,
    "JobId" integer NULL,
    "EquipmentId" integer NULL,
    "TechnicianId" integer NULL,
    "CustomerId" integer NULL,
    "SiteId" integer NULL,
    "RefillDate" timestamp with time zone NOT NULL,
    "AgentType" text NOT NULL,
    "AgentAmountKg" double precision NOT NULL,
    "Cost" numeric(18,2) NOT NULL,
    "Notes" text NULL,
    "CreatedAt" timestamp with time zone NOT NULL
)
info: Microsoft.EntityFrameworkCore.Database.Command[20101]
      Executed DbCommand (1ms) [Parameters=[], CommandType='Text', CommandTimeout='30']
      CREATE TABLE IF NOT EXISTS "OpsMaintenance" (
    "Id" integer GENERATED BY DEFAULT AS IDENTITY PRIMARY KEY,
    "JobId" integer NULL,
    "EquipmentId" integer NULL,
    "TechnicianId" integer NULL,
    "CustomerId" integer NULL,
    "SiteId" integer NULL,
    "WorkDate" timestamp with time zone NOT NULL,
    "WorkType" text NOT NULL,
    "Cost" numeric(18,2) NOT NULL,
    "Findings" text NULL,
    "CreatedAt" timestamp with time zone NOT NULL
)
info: Microsoft.EntityFrameworkCore.Database.Command[20101]
      Executed DbCommand (1ms) [Parameters=[], CommandType='Text', CommandTimeout='30']
      CREATE TABLE IF NOT EXISTS "OpsCertifications" (
    "Id" integer GENERATED BY DEFAULT AS IDENTITY PRIMARY KEY,
    "TechnicianId" integer NULL,
    "Name" text NOT NULL,
    "ExpiryDate" timestamp with time zone NOT NULL,
    "CreatedAt" timestamp with time zone NOT NULL
)
info: Microsoft.EntityFrameworkCore.Database.Command[20101]
      Executed DbCommand (1ms) [Parameters=[], CommandType='Text', CommandTimeout='30']
      CREATE TABLE IF NOT EXISTS "OpsInvoices" (
    "Id" integer GENERATED BY DEFAULT AS IDENTITY PRIMARY KEY,
    "InvoiceNumber" text NOT NULL,
    "CustomerId" integer NULL,
    "Amount" numeric(18,2) NOT NULL,
    "IssueDate" timestamp with time zone NOT NULL,
    "DueDate" timestamp with time zone NULL,
    "PaidDate" timestamp with time zone NULL,
    "Status" text NOT NULL,
    "CreatedAt" timestamp with time zone NOT NULL,
    CONSTRAINT "FK_OpsInvoices_Customers" FOREIGN KEY ("CustomerId") REFERENCES "Customers" ("Id") ON DELETE SET NULL
)
info: Microsoft.EntityFrameworkCore.Database.Command[20101]
      Executed DbCommand (1ms) [Parameters=[], CommandType='Text', CommandTimeout='30']
      CREATE TABLE IF NOT EXISTS "OpsQuotations" (
    "Id" integer GENERATED BY DEFAULT AS IDENTITY PRIMARY KEY,
    "QuotationNumber" text NOT NULL,
    "CustomerId" integer NULL,
    "SiteId" integer NULL,
    "Title" text NOT NULL,
    "QuoteDate" timestamp with time zone NOT NULL,
    "ExpiryDate" timestamp with time zone NOT NULL,
    "DiscountPercent" numeric(5,2) NOT NULL,
    "TaxPercent" numeric(5,2) NOT NULL,
    "Terms" text NULL,
    "Status" text NOT NULL,
    "ConvertedJobId" integer NULL,
    "Notes" text NULL,
    "CreatedAt" timestamp with time zone NOT NULL,
    CONSTRAINT "FK_OpsQuotations_Customers" FOREIGN KEY ("CustomerId") REFERENCES "Customers" ("Id") ON DELETE SET NULL,
    CONSTRAINT "FK_OpsQuotations_CustomerSites" FOREIGN KEY ("SiteId") REFERENCES "CustomerSites" ("Id") ON DELETE SET NULL
)
info: Microsoft.EntityFrameworkCore.Database.Command[20101]
      Executed DbCommand (2ms) [Parameters=[], CommandType='Text', CommandTimeout='30']
      CREATE TABLE IF NOT EXISTS "OpsQuotationLines" (
    "Id" integer GENERATED BY DEFAULT AS IDENTITY PRIMARY KEY,
    "QuotationId" integer NOT NULL,
    "Description" text NOT NULL,
    "Quantity" double precision NOT NULL,
    "UnitPrice" numeric(18,2) NOT NULL,
    "SortOrder" integer NOT NULL,
    CONSTRAINT "FK_OpsQuotationLines_OpsQuotations" FOREIGN KEY ("QuotationId") REFERENCES "OpsQuotations" ("Id") ON DELETE CASCADE
)
info: Microsoft.EntityFrameworkCore.Database.Command[20101]
      Executed DbCommand (1ms) [Parameters=[], CommandType='Text', CommandTimeout='30']
      CREATE TABLE IF NOT EXISTS "OpsQuotationFiles" (
    "Id" integer GENERATED BY DEFAULT AS IDENTITY PRIMARY KEY,
    "QuotationId" integer NULL,
    "Name" text NOT NULL,
    "FilePath" text NULL,
    "SizeBytes" bigint NULL,
    "UploadedAt" timestamp with time zone NOT NULL,
    "UploadedBy" text NULL,
    CONSTRAINT "FK_OpsQuotationFiles_OpsQuotations" FOREIGN KEY ("QuotationId") REFERENCES "OpsQuotations" ("Id") ON DELETE CASCADE
)
info: Microsoft.EntityFrameworkCore.Database.Command[20101]
      Executed DbCommand (7ms) [Parameters=[], CommandType='Text', CommandTimeout='30']
      ALTER TABLE "OpsQuotationFiles" ALTER COLUMN "QuotationId" DROP NOT NULL
info: Microsoft.EntityFrameworkCore.Database.Command[20101]
      Executed DbCommand (4ms) [Parameters=[], CommandType='Text', CommandTimeout='30']
      ALTER TABLE "InventoryItems" ADD COLUMN IF NOT EXISTS "CustomerName" text NULL
info: Microsoft.EntityFrameworkCore.Database.Command[20101]
      Executed DbCommand (1ms) [Parameters=[], CommandType='Text', CommandTimeout='30']
      CREATE TABLE IF NOT EXISTS "AppSettings" (
    "Id" integer GENERATED BY DEFAULT AS IDENTITY PRIMARY KEY,
    "Key" text NOT NULL,
    "Value" text NOT NULL,
    "UpdatedAt" timestamp with time zone NOT NULL
)
info: Microsoft.EntityFrameworkCore.Database.Command[20101]
      Executed DbCommand (5ms) [Parameters=[], CommandType='Text', CommandTimeout='30']
      CREATE UNIQUE INDEX IF NOT EXISTS "IX_AppSettings_Key" ON "AppSettings" ("Key")
info: Microsoft.EntityFrameworkCore.Database.Command[20101]
      Executed DbCommand (1ms) [Parameters=[], CommandType='Text', CommandTimeout='30']
      ALTER TABLE "InventoryItems" ADD COLUMN IF NOT EXISTS "LastReceivedQty" numeric(18,2) NULL
info: Microsoft.EntityFrameworkCore.Database.Command[20101]
      Executed DbCommand (1ms) [Parameters=[], CommandType='Text', CommandTimeout='30']
      ALTER TABLE "InventoryItems" ADD COLUMN IF NOT EXISTS "LastReceivedDate" timestamp with time zone NULL
info: Microsoft.EntityFrameworkCore.Database.Command[20101]
      Executed DbCommand (1ms) [Parameters=[], CommandType='Text', CommandTimeout='30']
      CREATE TABLE IF NOT EXISTS "StockMovements" (
    "Id" integer GENERATED BY DEFAULT AS IDENTITY PRIMARY KEY,
    "InventoryItemId" integer NOT NULL,
    "Type" text NOT NULL,
    "Source" text NOT NULL,
    "Qty" numeric(18,2) NOT NULL,
    "CustomerId" integer NULL,
    "CustomerName" text NULL,
    "JobId" integer NULL,
    "JobNumber" text NULL,
    "Reference" text NULL,
    "Notes" text NULL,
    "MovedBy" text NULL,
    "MovedAt" timestamp with time zone NOT NULL,
    "BalanceAfter" numeric(18,2) NOT NULL,
    CONSTRAINT "FK_StockMovements_InventoryItems" FOREIGN KEY ("InventoryItemId") REFERENCES "InventoryItems" ("Id") ON DELETE CASCADE
)
info: Microsoft.EntityFrameworkCore.Database.Command[20101]
      Executed DbCommand (1ms) [Parameters=[], CommandType='Text', CommandTimeout='30']
      CREATE INDEX IF NOT EXISTS "IX_StockMovements_InventoryItemId" ON "StockMovements" ("InventoryItemId")
info: Microsoft.EntityFrameworkCore.Database.Command[20101]
      Executed DbCommand (237ms) [Parameters=[], CommandType='Text', CommandTimeout='30']
      ALTER TABLE "JobCards" ADD COLUMN IF NOT EXISTS "Address" text NULL
info: Microsoft.EntityFrameworkCore.Database.Command[20101]
      Executed DbCommand (1ms) [Parameters=[], CommandType='Text', CommandTimeout='30']
      ALTER TABLE "JobCards" ADD COLUMN IF NOT EXISTS "Email" text NULL
info: Microsoft.EntityFrameworkCore.Database.Command[20101]
      Executed DbCommand (1ms) [Parameters=[], CommandType='Text', CommandTimeout='30']
      ALTER TABLE "JobCards" ADD COLUMN IF NOT EXISTS "NextServiceDate" timestamp with time zone NULL
info: Microsoft.EntityFrameworkCore.Database.Command[20101]
      Executed DbCommand (2ms) [Parameters=[], CommandType='Text', CommandTimeout='30']
      ALTER TABLE "JobCards" ADD COLUMN IF NOT EXISTS "WorksDoneSatisfactorily" boolean NOT NULL DEFAULT false
info: Microsoft.EntityFrameworkCore.Database.Command[20101]
      Executed DbCommand (7ms) [Parameters=[], CommandType='Text', CommandTimeout='30']
      ALTER TABLE "OpsQuotations" ADD COLUMN IF NOT EXISTS "CustomerAddress" text NULL
info: Microsoft.EntityFrameworkCore.Database.Command[20101]
      Executed DbCommand (2ms) [Parameters=[], CommandType='Text', CommandTimeout='30']
      ALTER TABLE "OpsQuotations" ADD COLUMN IF NOT EXISTS "CustomerVat" text NULL
info: Microsoft.EntityFrameworkCore.Database.Command[20101]
      Executed DbCommand (1ms) [Parameters=[], CommandType='Text', CommandTimeout='30']
      ALTER TABLE "OpsQuotations" ADD COLUMN IF NOT EXISTS "CustomerTin" text NULL
info: Microsoft.EntityFrameworkCore.Database.Command[20101]
      Executed DbCommand (1ms) [Parameters=[], CommandType='Text', CommandTimeout='30']
      ALTER TABLE "OpsQuotations" ADD COLUMN IF NOT EXISTS "CustomerContact" text NULL
info: Microsoft.EntityFrameworkCore.Database.Command[20101]
      Executed DbCommand (1ms) [Parameters=[], CommandType='Text', CommandTimeout='30']
      ALTER TABLE "OpsQuotations" ADD COLUMN IF NOT EXISTS "CustomerEmailSnapshot" text NULL
info: Microsoft.EntityFrameworkCore.Database.Command[20101]
      Executed DbCommand (1ms) [Parameters=[], CommandType='Text', CommandTimeout='30']
      ALTER TABLE "OpsQuotations" ADD COLUMN IF NOT EXISTS "Currency" text NULL
info: Microsoft.EntityFrameworkCore.Database.Command[20101]
      Executed DbCommand (1ms) [Parameters=[], CommandType='Text', CommandTimeout='30']
      ALTER TABLE "OpsQuotations" ADD COLUMN IF NOT EXISTS "CompanyVatNo" text NULL
info: Microsoft.EntityFrameworkCore.Database.Command[20101]
      Executed DbCommand (2ms) [Parameters=[], CommandType='Text', CommandTimeout='30']
      ALTER TABLE "OpsQuotations" ADD COLUMN IF NOT EXISTS "CompanyTinNo" text NULL
info: Microsoft.EntityFrameworkCore.Database.Command[20101]
      Executed DbCommand (1ms) [Parameters=[], CommandType='Text', CommandTimeout='30']
      ALTER TABLE "OpsQuotations" ADD COLUMN IF NOT EXISTS "BankName" text NULL
info: Microsoft.EntityFrameworkCore.Database.Command[20101]
      Executed DbCommand (1ms) [Parameters=[], CommandType='Text', CommandTimeout='30']
      ALTER TABLE "OpsQuotations" ADD COLUMN IF NOT EXISTS "BankBranch" text NULL
info: Microsoft.EntityFrameworkCore.Database.Command[20101]
      Executed DbCommand (1ms) [Parameters=[], CommandType='Text', CommandTimeout='30']
      ALTER TABLE "OpsQuotations" ADD COLUMN IF NOT EXISTS "BankAccountName" text NULL
info: Microsoft.EntityFrameworkCore.Database.Command[20101]
      Executed DbCommand (1ms) [Parameters=[], CommandType='Text', CommandTimeout='30']
      ALTER TABLE "OpsQuotations" ADD COLUMN IF NOT EXISTS "BankAccountNumber" text NULL
info: Microsoft.EntityFrameworkCore.Database.Command[20101]
      Executed DbCommand (1ms) [Parameters=[], CommandType='Text', CommandTimeout='30']
      ALTER TABLE "OpsQuotations" ADD COLUMN IF NOT EXISTS "BankAccountNumberZwg" text NULL
info: Microsoft.EntityFrameworkCore.Database.Command[20101]
      Executed DbCommand (1ms) [Parameters=[], CommandType='Text', CommandTimeout='30']
      ALTER TABLE "OpsQuotations" ADD COLUMN IF NOT EXISTS "DocumentRef" text NULL
info: Microsoft.EntityFrameworkCore.Database.Command[20101]
      Executed DbCommand (1ms) [Parameters=[], CommandType='Text', CommandTimeout='30']
      ALTER TABLE "OpsQuotations" ADD COLUMN IF NOT EXISTS "PaymentTerms" text NULL
info: Microsoft.EntityFrameworkCore.Database.Command[20101]
      Executed DbCommand (1ms) [Parameters=[], CommandType='Text', CommandTimeout='30']
      ALTER TABLE "OpsQuotations" ADD COLUMN IF NOT EXISTS "ValidityText" text NULL
info: Microsoft.EntityFrameworkCore.Database.Command[20101]
      Executed DbCommand (1ms) [Parameters=[], CommandType='Text', CommandTimeout='30']
      CREATE UNIQUE INDEX IF NOT EXISTS "IX_JobCards_JobNumber" ON "JobCards" ("JobNumber")
info: Microsoft.EntityFrameworkCore.Database.Command[20101]
      Executed DbCommand (1ms) [Parameters=[], CommandType='Text', CommandTimeout='30']
      CREATE INDEX IF NOT EXISTS "IX_OpsEquipment_EquipmentNumber" ON "OpsEquipment" ("EquipmentNumber")
info: Microsoft.EntityFrameworkCore.Database.Command[20101]
      Executed DbCommand (2ms) [Parameters=[], CommandType='Text', CommandTimeout='30']
      CREATE UNIQUE INDEX IF NOT EXISTS "IX_OpsInvoices_InvoiceNumber" ON "OpsInvoices" ("InvoiceNumber")
info: Microsoft.EntityFrameworkCore.Database.Command[20101]
      Executed DbCommand (1ms) [Parameters=[], CommandType='Text', CommandTimeout='30']
      CREATE UNIQUE INDEX IF NOT EXISTS "IX_OpsQuotations_QuotationNumber" ON "OpsQuotations" ("QuotationNumber")
info: Microsoft.EntityFrameworkCore.Database.Command[20101]
      Executed DbCommand (1ms) [Parameters=[], CommandType='Text', CommandTimeout='30']
      CREATE SEQUENCE IF NOT EXISTS "CustomerNumberSequence" START WITH 1
info: Microsoft.EntityFrameworkCore.Database.Command[20101]
      Executed DbCommand (1ms) [Parameters=[], CommandType='Text', CommandTimeout='30']
      CREATE SEQUENCE IF NOT EXISTS "JobNumberSequence" START WITH 1
info: Microsoft.EntityFrameworkCore.Database.Command[20101]
      Executed DbCommand (1ms) [Parameters=[], CommandType='Text', CommandTimeout='30']
      CREATE SEQUENCE IF NOT EXISTS "EquipmentNumberSequence" START WITH 1
info: Microsoft.EntityFrameworkCore.Database.Command[20101]
      Executed DbCommand (1ms) [Parameters=[], CommandType='Text', CommandTimeout='30']
      CREATE SEQUENCE IF NOT EXISTS "InvoiceNumberSequence" START WITH 1
info: Microsoft.EntityFrameworkCore.Database.Command[20101]
      Executed DbCommand (1ms) [Parameters=[], CommandType='Text', CommandTimeout='30']
      CREATE SEQUENCE IF NOT EXISTS "QuotationNumberSequence" START WITH 1
info: Microsoft.EntityFrameworkCore.Database.Command[20101]
      Executed DbCommand (26ms) [Parameters=[], CommandType='Text', CommandTimeout='30']
      SELECT setval('"CustomerNumberSequence"', GREATEST(COALESCE((SELECT MAX(CAST(SUBSTRING("CustomerId" FROM 5) AS integer)) FROM "Customers" WHERE "CustomerId" ~ '^CUS-[0-9]+$'), 1), 1), COALESCE((SELECT MAX(CAST(SUBSTRING("CustomerId" FROM 5) AS integer)) FROM "Customers" WHERE "CustomerId" ~ '^CUS-[0-9]+$'), 0) > 0)
info: Microsoft.EntityFrameworkCore.Database.Command[20101]
      Executed DbCommand (4ms) [Parameters=[], CommandType='Text', CommandTimeout='30']
      SELECT setval('"JobNumberSequence"', GREATEST(COALESCE((SELECT MAX(CAST(SUBSTRING("JobNumber" FROM 5) AS integer)) FROM "JobCards" WHERE "JobNumber" ~ '^JOB-[0-9]+$'), 1), 1), COALESCE((SELECT MAX(CAST(SUBSTRING("JobNumber" FROM 5) AS integer)) FROM "JobCards" WHERE "JobNumber" ~ '^JOB-[0-9]+$'), 0) > 0)
info: Microsoft.EntityFrameworkCore.Database.Command[20101]
      Executed DbCommand (4ms) [Parameters=[], CommandType='Text', CommandTimeout='30']
      SELECT setval('"EquipmentNumberSequence"', GREATEST(COALESCE((SELECT MAX(CAST(SUBSTRING("EquipmentNumber" FROM 4) AS integer)) FROM "OpsEquipment" WHERE "EquipmentNumber" ~ '^EQ-[0-9]+$'), 1), 1), COALESCE((SELECT MAX(CAST(SUBSTRING("EquipmentNumber" FROM 4) AS integer)) FROM "OpsEquipment" WHERE "EquipmentNumber" ~ '^EQ-[0-9]+$'), 0) > 0)
info: Microsoft.EntityFrameworkCore.Database.Command[20101]
      Executed DbCommand (4ms) [Parameters=[], CommandType='Text', CommandTimeout='30']
      SELECT setval('"InvoiceNumberSequence"', GREATEST(COALESCE((SELECT MAX(CAST(SUBSTRING("InvoiceNumber" FROM 5) AS integer)) FROM "OpsInvoices" WHERE "InvoiceNumber" ~ '^INV-[0-9]+$'), 1), 1), COALESCE((SELECT MAX(CAST(SUBSTRING("InvoiceNumber" FROM 5) AS integer)) FROM "OpsInvoices" WHERE "InvoiceNumber" ~ '^INV-[0-9]+$'), 0) > 0)
info: Microsoft.EntityFrameworkCore.Database.Command[20101]
      Executed DbCommand (4ms) [Parameters=[], CommandType='Text', CommandTimeout='30']
      SELECT setval('"QuotationNumberSequence"', GREATEST(COALESCE((SELECT MAX(CAST(SUBSTRING("QuotationNumber" FROM 5) AS integer)) FROM "OpsQuotations" WHERE "QuotationNumber" ~ '^QUO-[0-9]+$'), 1), 1), COALESCE((SELECT MAX(CAST(SUBSTRING("QuotationNumber" FROM 5) AS integer)) FROM "OpsQuotations" WHERE "QuotationNumber" ~ '^QUO-[0-9]+$'), 0) > 0)
info: Microsoft.EntityFrameworkCore.Database.Command[20101]
      Executed DbCommand (4ms) [Parameters=[], CommandType='Text', CommandTimeout='30']
      SELECT EXISTS (
          SELECT 1
          FROM "Users" AS u)
warn: Microsoft.AspNetCore.StaticFiles.StaticFileMiddleware[16]
      The WebRootPath was not found: C:\Users\hp\Documents\New folder\EXTREME FIRE SERVICES APPLICATION\backend\EFESMS.Api\wwwroot. Static files may be unavailable.
info: Microsoft.Hosting.Lifetime[14]
      Now listening on: http://0.0.0.0:3001
info: Microsoft.Hosting.Lifetime[0]
      Application started. Press Ctrl+C to shut down.
info: Microsoft.Hosting.Lifetime[0]
      Hosting environment: Production
info: Microsoft.Hosting.Lifetime[0]
      Content root path: C:\Users\hp\Documents\New folder\EXTREME FIRE SERVICES APPLICATION\backend\EFESMS.Api
info: Microsoft.EntityFrameworkCore.Database.Command[20101]
      Executed DbCommand (61ms) [Parameters=[@p0='?', @p1='?', @p2='?' (DbType = Int32), @p3='?' (DbType = Int64), @p4='?' (DbType = DateTime), @p5='?'], CommandType='Text', CommandTimeout='30']
      INSERT INTO "OpsQuotationFiles" ("FilePath", "Name", "QuotationId", "SizeBytes", "UploadedAt", "UploadedBy")
      VALUES (@p0, @p1, @p2, @p3, @p4, @p5)
      RETURNING "Id";
info: Microsoft.EntityFrameworkCore.Database.Command[20101]
      Executed DbCommand (22ms) [Parameters=[], CommandType='Text', CommandTimeout='30']
      SELECT c."Id", c."CustomerId", c."Name"
      FROM "Customers" AS c
      WHERE btrim(c."Name", E' \t\n\r') <> '' AND c."Name" NOT LIKE 'Walk-in%'
